2023-11-23 12:07:28,020 Namespace(eval_interval=1, frequent=10, gpu=False, num_workers=4, out_dir='out')
2023-11-23 12:07:28,371 => load 200 samples
2023-11-23 12:07:28,373 => load 200 samples
2023-11-23 12:07:30,721 Epoch: [0][0/200]	Time 2.347s (2.347s)	Speed 13.6 samples/s	Data 2.094s (2.094s)	Loss 2.53597 (2.53597)
2023-11-23 12:07:32,321 Epoch: [0][10/200]	Time 0.155s (0.359s)	Speed 206.5 samples/s	Data 0.001s (0.191s)	Loss 2.05261 (2.26279)
2023-11-23 12:07:33,852 Epoch: [0][20/200]	Time 0.138s (0.261s)	Speed 231.9 samples/s	Data 0.001s (0.100s)	Loss 1.76633 (2.08515)
2023-11-23 12:07:35,476 Epoch: [0][30/200]	Time 0.162s (0.229s)	Speed 197.5 samples/s	Data 0.000s (0.068s)	Loss 1.51260 (1.93462)
2023-11-23 12:07:37,197 Epoch: [0][40/200]	Time 0.157s (0.215s)	Speed 203.8 samples/s	Data 0.001s (0.052s)	Loss 1.28819 (1.80110)
2023-11-23 12:07:38,798 Epoch: [0][50/200]	Time 0.146s (0.204s)	Speed 219.2 samples/s	Data 0.001s (0.042s)	Loss 1.09635 (1.68011)
2023-11-23 12:07:40,296 Epoch: [0][60/200]	Time 0.146s (0.195s)	Speed 219.2 samples/s	Data 0.001s (0.035s)	Loss 0.92735 (1.56844)
2023-11-23 12:07:41,878 Epoch: [0][70/200]	Time 0.170s (0.190s)	Speed 188.2 samples/s	Data 0.000s (0.030s)	Loss 0.77181 (1.46668)
2023-11-23 12:07:43,581 Epoch: [0][80/200]	Time 0.145s (0.188s)	Speed 220.7 samples/s	Data 0.001s (0.027s)	Loss 0.66016 (1.37338)
2023-11-23 12:07:45,327 Epoch: [0][90/200]	Time 0.174s (0.186s)	Speed 183.9 samples/s	Data 0.001s (0.024s)	Loss 0.57972 (1.28928)
2023-11-23 12:07:46,849 Epoch: [0][100/200]	Time 0.150s (0.183s)	Speed 213.3 samples/s	Data 0.000s (0.021s)	Loss 0.48695 (1.21349)
2023-11-23 12:07:48,438 Epoch: [0][110/200]	Time 0.177s (0.181s)	Speed 180.8 samples/s	Data 0.000s (0.020s)	Loss 0.41659 (1.14494)
2023-11-23 12:07:50,119 Epoch: [0][120/200]	Time 0.177s (0.180s)	Speed 180.8 samples/s	Data 0.001s (0.018s)	Loss 0.36485 (1.08312)
2023-11-23 12:07:51,874 Epoch: [0][130/200]	Time 0.176s (0.179s)	Speed 181.8 samples/s	Data 0.001s (0.017s)	Loss 0.34751 (1.02709)
2023-11-23 12:07:53,553 Epoch: [0][140/200]	Time 0.137s (0.179s)	Speed 233.6 samples/s	Data 0.001s (0.016s)	Loss 0.30888 (0.97722)
2023-11-23 12:07:55,085 Epoch: [0][150/200]	Time 0.155s (0.177s)	Speed 206.4 samples/s	Data 0.001s (0.015s)	Loss 0.28644 (0.93163)
2023-11-23 12:07:56,827 Epoch: [0][160/200]	Time 0.158s (0.177s)	Speed 202.5 samples/s	Data 0.000s (0.014s)	Loss 0.26864 (0.89056)
2023-11-23 12:07:58,611 Epoch: [0][170/200]	Time 0.160s (0.177s)	Speed 200.0 samples/s	Data 0.000s (0.013s)	Loss 0.25959 (0.85328)
2023-11-23 12:08:00,463 Epoch: [0][180/200]	Time 0.174s (0.177s)	Speed 183.9 samples/s	Data 0.001s (0.012s)	Loss 0.23200 (0.81936)
2023-11-23 12:08:02,294 Epoch: [0][190/200]	Time 0.220s (0.178s)	Speed 145.5 samples/s	Data 0.001s (0.012s)	Loss 0.20701 (0.78780)
2023-11-23 12:08:06,355 Test: [0/200]	Time 1.977 (1.977)	Loss 0.4399 (0.4399)
2023-11-23 12:08:06,510 Test: [10/200]	Time 0.014 (0.194)	Loss 0.1482 (0.3552)
2023-11-23 12:08:06,654 Test: [20/200]	Time 0.015 (0.108)	Loss 0.2625 (0.3663)
2023-11-23 12:08:06,806 Test: [30/200]	Time 0.016 (0.078)	Loss 0.5289 (0.3731)
2023-11-23 12:08:06,956 Test: [40/200]	Time 0.015 (0.063)	Loss 0.3936 (0.3872)
2023-11-23 12:08:07,100 Test: [50/200]	Time 0.016 (0.053)	Loss 0.4710 (0.3906)
2023-11-23 12:08:07,251 Test: [60/200]	Time 0.016 (0.047)	Loss 0.4443 (0.3909)
2023-11-23 12:08:07,402 Test: [70/200]	Time 0.013 (0.043)	Loss 0.3733 (0.3898)
2023-11-23 12:08:07,553 Test: [80/200]	Time 0.015 (0.039)	Loss 0.4736 (0.3851)
2023-11-23 12:08:07,701 Test: [90/200]	Time 0.015 (0.037)	Loss 0.4683 (0.3885)
2023-11-23 12:08:07,852 Test: [100/200]	Time 0.015 (0.034)	Loss 0.4748 (0.3872)
2023-11-23 12:08:08,000 Test: [110/200]	Time 0.015 (0.033)	Loss 0.4650 (0.3888)
2023-11-23 12:08:08,146 Test: [120/200]	Time 0.016 (0.031)	Loss 0.4506 (0.3867)
2023-11-23 12:08:08,298 Test: [130/200]	Time 0.014 (0.030)	Loss 0.3722 (0.3908)
2023-11-23 12:08:08,426 Test: [140/200]	Time 0.012 (0.029)	Loss 0.3560 (0.3899)
2023-11-23 12:08:08,563 Test: [150/200]	Time 0.012 (0.028)	Loss 0.4326 (0.3889)
2023-11-23 12:08:08,708 Test: [160/200]	Time 0.015 (0.027)	Loss 0.4094 (0.3886)
2023-11-23 12:08:08,859 Test: [170/200]	Time 0.015 (0.026)	Loss 0.2851 (0.3863)
2023-11-23 12:08:09,013 Test: [180/200]	Time 0.015 (0.026)	Loss 0.3214 (0.3842)
2023-11-23 12:08:09,159 Test: [190/200]	Time 0.013 (0.025)	Loss 0.3309 (0.3854)
2023-11-23 12:08:10,368 Mean IoU score: 0.189
2023-11-23 12:08:10,376 => saving checkpoint to out
2023-11-23 12:08:13,004 Epoch: [1][0/200]	Time 2.610s (2.610s)	Speed 12.3 samples/s	Data 2.355s (2.355s)	Loss 0.19996 (0.19996)
2023-11-23 12:08:15,305 Epoch: [1][10/200]	Time 0.239s (0.447s)	Speed 133.9 samples/s	Data 0.001s (0.215s)	Loss 0.20032 (0.20766)
2023-11-23 12:08:17,163 Epoch: [1][20/200]	Time 0.185s (0.322s)	Speed 173.4 samples/s	Data 0.000s (0.113s)	Loss 0.25092 (0.20397)
2023-11-23 12:08:18,916 Epoch: [1][30/200]	Time 0.178s (0.275s)	Speed 179.8 samples/s	Data 0.001s (0.077s)	Loss 0.16668 (0.20062)
2023-11-23 12:08:20,474 Epoch: [1][40/200]	Time 0.165s (0.246s)	Speed 193.9 samples/s	Data 0.001s (0.058s)	Loss 0.17885 (0.19561)
2023-11-23 12:08:22,034 Epoch: [1][50/200]	Time 0.169s (0.228s)	Speed 189.3 samples/s	Data 0.001s (0.047s)	Loss 0.15464 (0.19176)
2023-11-23 12:08:23,578 Epoch: [1][60/200]	Time 0.147s (0.216s)	Speed 217.7 samples/s	Data 0.000s (0.039s)	Loss 0.16514 (0.18801)
2023-11-23 12:08:25,180 Epoch: [1][70/200]	Time 0.163s (0.208s)	Speed 196.3 samples/s	Data 0.001s (0.034s)	Loss 0.15929 (0.18409)
2023-11-23 12:08:26,848 Epoch: [1][80/200]	Time 0.177s (0.203s)	Speed 180.8 samples/s	Data 0.000s (0.030s)	Loss 0.12212 (0.17957)
2023-11-23 12:08:28,524 Epoch: [1][90/200]	Time 0.155s (0.199s)	Speed 206.5 samples/s	Data 0.001s (0.027s)	Loss 0.14058 (0.17505)
2023-11-23 12:08:30,273 Epoch: [1][100/200]	Time 0.162s (0.197s)	Speed 197.5 samples/s	Data 0.000s (0.024s)	Loss 0.13068 (0.17214)
2023-11-23 12:08:32,141 Epoch: [1][110/200]	Time 0.179s (0.196s)	Speed 179.3 samples/s	Data 0.001s (0.022s)	Loss 0.12338 (0.16891)
2023-11-23 12:08:34,028 Epoch: [1][120/200]	Time 0.246s (0.195s)	Speed 130.1 samples/s	Data 0.001s (0.020s)	Loss 0.10762 (0.16486)
2023-11-23 12:08:35,592 Epoch: [1][130/200]	Time 0.133s (0.192s)	Speed 240.6 samples/s	Data 0.000s (0.019s)	Loss 0.10616 (0.16103)
2023-11-23 12:08:37,076 Epoch: [1][140/200]	Time 0.142s (0.189s)	Speed 225.4 samples/s	Data 0.000s (0.017s)	Loss 0.12635 (0.15764)
2023-11-23 12:08:38,686 Epoch: [1][150/200]	Time 0.161s (0.187s)	Speed 198.8 samples/s	Data 0.001s (0.016s)	Loss 0.09478 (0.15422)
2023-11-23 12:08:40,476 Epoch: [1][160/200]	Time 0.175s (0.187s)	Speed 182.9 samples/s	Data 0.001s (0.015s)	Loss 0.10579 (0.15112)
2023-11-23 12:08:42,152 Epoch: [1][170/200]	Time 0.167s (0.186s)	Speed 191.6 samples/s	Data 0.001s (0.015s)	Loss 0.09154 (0.14808)
2023-11-23 12:08:43,706 Epoch: [1][180/200]	Time 0.143s (0.184s)	Speed 223.8 samples/s	Data 0.001s (0.014s)	Loss 0.09982 (0.14522)
2023-11-23 12:08:45,312 Epoch: [1][190/200]	Time 0.156s (0.183s)	Speed 205.1 samples/s	Data 0.001s (0.013s)	Loss 0.09637 (0.14251)
2023-11-23 12:08:48,868 Test: [0/200]	Time 1.900 (1.900)	Loss 0.2305 (0.2305)
2023-11-23 12:08:49,016 Test: [10/200]	Time 0.015 (0.186)	Loss 0.0578 (0.1779)
2023-11-23 12:08:49,153 Test: [20/200]	Time 0.011 (0.104)	Loss 0.1302 (0.1794)
2023-11-23 12:08:49,303 Test: [30/200]	Time 0.014 (0.075)	Loss 0.2706 (0.1874)
2023-11-23 12:08:49,449 Test: [40/200]	Time 0.016 (0.060)	Loss 0.1720 (0.1946)
2023-11-23 12:08:49,590 Test: [50/200]	Time 0.015 (0.051)	Loss 0.2341 (0.1944)
2023-11-23 12:08:49,738 Test: [60/200]	Time 0.015 (0.045)	Loss 0.2175 (0.1961)
2023-11-23 12:08:49,889 Test: [70/200]	Time 0.015 (0.041)	Loss 0.1818 (0.1955)
2023-11-23 12:08:50,034 Test: [80/200]	Time 0.015 (0.038)	Loss 0.2563 (0.1932)
2023-11-23 12:08:50,178 Test: [90/200]	Time 0.014 (0.035)	Loss 0.2492 (0.1955)
2023-11-23 12:08:50,324 Test: [100/200]	Time 0.015 (0.033)	Loss 0.2598 (0.1944)
2023-11-23 12:08:50,474 Test: [110/200]	Time 0.014 (0.032)	Loss 0.2473 (0.1952)
2023-11-23 12:08:50,618 Test: [120/200]	Time 0.015 (0.030)	Loss 0.2387 (0.1944)
2023-11-23 12:08:50,765 Test: [130/200]	Time 0.014 (0.029)	Loss 0.1567 (0.1969)
2023-11-23 12:08:50,913 Test: [140/200]	Time 0.015 (0.028)	Loss 0.1746 (0.1963)
2023-11-23 12:08:51,060 Test: [150/200]	Time 0.015 (0.027)	Loss 0.1950 (0.1951)
2023-11-23 12:08:51,207 Test: [160/200]	Time 0.016 (0.026)	Loss 0.2309 (0.1951)
2023-11-23 12:08:51,351 Test: [170/200]	Time 0.014 (0.026)	Loss 0.1394 (0.1934)
2023-11-23 12:08:51,499 Test: [180/200]	Time 0.015 (0.025)	Loss 0.1532 (0.1921)
2023-11-23 12:08:51,645 Test: [190/200]	Time 0.014 (0.024)	Loss 0.1364 (0.1927)
2023-11-23 12:08:52,855 Mean IoU score: 0.593
2023-11-23 12:08:52,861 => saving checkpoint to out
2023-11-23 12:08:55,268 Epoch: [2][0/200]	Time 2.389s (2.389s)	Speed 13.4 samples/s	Data 2.129s (2.129s)	Loss 0.07299 (0.07299)
2023-11-23 12:08:57,034 Epoch: [2][10/200]	Time 0.167s (0.378s)	Speed 191.6 samples/s	Data 0.001s (0.194s)	Loss 0.08384 (0.08371)
2023-11-23 12:08:59,094 Epoch: [2][20/200]	Time 0.248s (0.296s)	Speed 129.0 samples/s	Data 0.001s (0.102s)	Loss 0.07992 (0.07997)
2023-11-23 12:09:00,871 Epoch: [2][30/200]	Time 0.166s (0.258s)	Speed 192.8 samples/s	Data 0.001s (0.069s)	Loss 0.06857 (0.07669)
2023-11-23 12:09:02,740 Epoch: [2][40/200]	Time 0.160s (0.241s)	Speed 200.0 samples/s	Data 0.001s (0.053s)	Loss 0.06587 (0.07625)
2023-11-23 12:09:04,262 Epoch: [2][50/200]	Time 0.159s (0.223s)	Speed 201.3 samples/s	Data 0.001s (0.043s)	Loss 0.06246 (0.07471)
2023-11-23 12:09:05,795 Epoch: [2][60/200]	Time 0.163s (0.212s)	Speed 196.3 samples/s	Data 0.001s (0.036s)	Loss 0.05996 (0.07324)
2023-11-23 12:09:07,405 Epoch: [2][70/200]	Time 0.160s (0.205s)	Speed 200.0 samples/s	Data 0.001s (0.031s)	Loss 0.06866 (0.07159)
2023-11-23 12:09:09,001 Epoch: [2][80/200]	Time 0.155s (0.199s)	Speed 206.5 samples/s	Data 0.001s (0.027s)	Loss 0.06475 (0.07023)
2023-11-23 12:09:10,610 Epoch: [2][90/200]	Time 0.153s (0.195s)	Speed 209.1 samples/s	Data 0.000s (0.024s)	Loss 0.04967 (0.06887)
2023-11-23 12:09:12,146 Epoch: [2][100/200]	Time 0.148s (0.191s)	Speed 216.2 samples/s	Data 0.001s (0.022s)	Loss 0.05871 (0.06747)
2023-11-23 12:09:13,676 Epoch: [2][110/200]	Time 0.166s (0.187s)	Speed 192.8 samples/s	Data 0.001s (0.020s)	Loss 0.05466 (0.06697)
2023-11-23 12:09:15,238 Epoch: [2][120/200]	Time 0.169s (0.185s)	Speed 189.3 samples/s	Data 0.001s (0.018s)	Loss 0.05918 (0.06587)
2023-11-23 12:09:16,899 Epoch: [2][130/200]	Time 0.163s (0.183s)	Speed 196.3 samples/s	Data 0.001s (0.017s)	Loss 0.05963 (0.06486)
2023-11-23 12:09:18,506 Epoch: [2][140/200]	Time 0.155s (0.182s)	Speed 206.4 samples/s	Data 0.000s (0.016s)	Loss 0.05231 (0.06396)
2023-11-23 12:09:20,013 Epoch: [2][150/200]	Time 0.133s (0.180s)	Speed 240.6 samples/s	Data 0.000s (0.015s)	Loss 0.04416 (0.06314)
2023-11-23 12:09:21,533 Epoch: [2][160/200]	Time 0.158s (0.178s)	Speed 202.5 samples/s	Data 0.001s (0.014s)	Loss 0.04303 (0.06209)
2023-11-23 12:09:23,093 Epoch: [2][170/200]	Time 0.162s (0.177s)	Speed 197.5 samples/s	Data 0.001s (0.013s)	Loss 0.04545 (0.06124)
2023-11-23 12:09:24,623 Epoch: [2][180/200]	Time 0.133s (0.175s)	Speed 240.5 samples/s	Data 0.000s (0.013s)	Loss 0.04620 (0.06032)
2023-11-23 12:09:26,199 Epoch: [2][190/200]	Time 0.153s (0.174s)	Speed 209.2 samples/s	Data 0.001s (0.012s)	Loss 0.05143 (0.05953)
2023-11-23 12:09:29,721 Test: [0/200]	Time 1.876 (1.876)	Loss 0.1209 (0.1209)
2023-11-23 12:09:29,859 Test: [10/200]	Time 0.012 (0.183)	Loss 0.0360 (0.0982)
2023-11-23 12:09:29,996 Test: [20/200]	Time 0.015 (0.102)	Loss 0.0651 (0.1026)
2023-11-23 12:09:30,141 Test: [30/200]	Time 0.017 (0.074)	Loss 0.1673 (0.1094)
2023-11-23 12:09:30,289 Test: [40/200]	Time 0.012 (0.060)	Loss 0.1013 (0.1137)
2023-11-23 12:09:30,425 Test: [50/200]	Time 0.014 (0.051)	Loss 0.1578 (0.1144)
2023-11-23 12:09:30,559 Test: [60/200]	Time 0.015 (0.044)	Loss 0.1287 (0.1162)
2023-11-23 12:09:30,698 Test: [70/200]	Time 0.017 (0.040)	Loss 0.0976 (0.1157)
2023-11-23 12:09:30,841 Test: [80/200]	Time 0.012 (0.037)	Loss 0.1361 (0.1141)
2023-11-23 12:09:30,980 Test: [90/200]	Time 0.012 (0.034)	Loss 0.1476 (0.1163)
2023-11-23 12:09:31,122 Test: [100/200]	Time 0.014 (0.032)	Loss 0.1523 (0.1159)
2023-11-23 12:09:31,274 Test: [110/200]	Time 0.014 (0.031)	Loss 0.1766 (0.1167)
2023-11-23 12:09:31,424 Test: [120/200]	Time 0.015 (0.030)	Loss 0.1475 (0.1154)
2023-11-23 12:09:31,572 Test: [130/200]	Time 0.015 (0.028)	Loss 0.1063 (0.1165)
2023-11-23 12:09:31,721 Test: [140/200]	Time 0.016 (0.027)	Loss 0.1036 (0.1156)
2023-11-23 12:09:31,869 Test: [150/200]	Time 0.015 (0.027)	Loss 0.1120 (0.1143)
2023-11-23 12:09:32,016 Test: [160/200]	Time 0.015 (0.026)	Loss 0.1260 (0.1141)
2023-11-23 12:09:32,162 Test: [170/200]	Time 0.014 (0.025)	Loss 0.1108 (0.1132)
2023-11-23 12:09:32,310 Test: [180/200]	Time 0.016 (0.025)	Loss 0.0941 (0.1123)
2023-11-23 12:09:32,458 Test: [190/200]	Time 0.014 (0.024)	Loss 0.0725 (0.1122)
2023-11-23 12:09:33,646 Mean IoU score: 0.764
2023-11-23 12:09:33,652 => saving checkpoint to out
2023-11-23 12:09:35,981 Epoch: [3][0/200]	Time 2.311s (2.311s)	Speed 13.8 samples/s	Data 2.062s (2.062s)	Loss 0.04057 (0.04057)
2023-11-23 12:09:37,578 Epoch: [3][10/200]	Time 0.157s (0.355s)	Speed 203.8 samples/s	Data 0.000s (0.188s)	Loss 0.04337 (0.04118)
2023-11-23 12:09:39,156 Epoch: [3][20/200]	Time 0.162s (0.261s)	Speed 197.5 samples/s	Data 0.001s (0.099s)	Loss 0.06123 (0.04017)
2023-11-23 12:09:40,692 Epoch: [3][30/200]	Time 0.164s (0.227s)	Speed 195.1 samples/s	Data 0.001s (0.067s)	Loss 0.02638 (0.03945)
2023-11-23 12:09:42,260 Epoch: [3][40/200]	Time 0.174s (0.210s)	Speed 183.9 samples/s	Data 0.001s (0.051s)	Loss 0.03651 (0.03891)
2023-11-23 12:09:43,882 Epoch: [3][50/200]	Time 0.163s (0.200s)	Speed 196.3 samples/s	Data 0.000s (0.041s)	Loss 0.02925 (0.03808)
2023-11-23 12:09:45,527 Epoch: [3][60/200]	Time 0.175s (0.194s)	Speed 182.8 samples/s	Data 0.000s (0.034s)	Loss 0.03251 (0.03725)
2023-11-23 12:09:47,120 Epoch: [3][70/200]	Time 0.169s (0.189s)	Speed 189.3 samples/s	Data 0.000s (0.030s)	Loss 0.03497 (0.03685)
2023-11-23 12:09:48,717 Epoch: [3][80/200]	Time 0.152s (0.186s)	Speed 210.5 samples/s	Data 0.000s (0.026s)	Loss 0.02780 (0.03666)
2023-11-23 12:09:50,300 Epoch: [3][90/200]	Time 0.173s (0.183s)	Speed 185.0 samples/s	Data 0.001s (0.023s)	Loss 0.03137 (0.03640)
2023-11-23 12:09:52,059 Epoch: [3][100/200]	Time 0.175s (0.182s)	Speed 182.9 samples/s	Data 0.001s (0.021s)	Loss 0.03108 (0.03626)
2023-11-23 12:09:53,653 Epoch: [3][110/200]	Time 0.144s (0.180s)	Speed 222.2 samples/s	Data 0.001s (0.019s)	Loss 0.02887 (0.03602)
2023-11-23 12:09:55,156 Epoch: [3][120/200]	Time 0.158s (0.178s)	Speed 202.5 samples/s	Data 0.000s (0.018s)	Loss 0.03988 (0.03593)
2023-11-23 12:09:56,771 Epoch: [3][130/200]	Time 0.163s (0.176s)	Speed 196.3 samples/s	Data 0.000s (0.016s)	Loss 0.03563 (0.03583)
2023-11-23 12:09:58,295 Epoch: [3][140/200]	Time 0.147s (0.175s)	Speed 217.7 samples/s	Data 0.001s (0.015s)	Loss 0.03241 (0.03560)
2023-11-23 12:09:59,911 Epoch: [3][150/200]	Time 0.162s (0.174s)	Speed 197.5 samples/s	Data 0.000s (0.014s)	Loss 0.02798 (0.03558)
2023-11-23 12:10:01,521 Epoch: [3][160/200]	Time 0.163s (0.173s)	Speed 196.3 samples/s	Data 0.001s (0.013s)	Loss 0.03173 (0.03570)
2023-11-23 12:10:03,062 Epoch: [3][170/200]	Time 0.152s (0.172s)	Speed 210.5 samples/s	Data 0.001s (0.013s)	Loss 0.04498 (0.03573)
2023-11-23 12:10:04,575 Epoch: [3][180/200]	Time 0.159s (0.171s)	Speed 201.3 samples/s	Data 0.001s (0.012s)	Loss 0.03284 (0.03556)
2023-11-23 12:10:06,192 Epoch: [3][190/200]	Time 0.164s (0.170s)	Speed 195.1 samples/s	Data 0.001s (0.011s)	Loss 0.02478 (0.03536)
2023-11-23 12:10:09,776 Test: [0/200]	Time 1.879 (1.879)	Loss 0.1217 (0.1217)
2023-11-23 12:10:09,935 Test: [10/200]	Time 0.015 (0.185)	Loss 0.0188 (0.0813)
2023-11-23 12:10:10,085 Test: [20/200]	Time 0.014 (0.104)	Loss 0.0510 (0.0878)
2023-11-23 12:10:10,228 Test: [30/200]	Time 0.014 (0.075)	Loss 0.1409 (0.0946)
2023-11-23 12:10:10,363 Test: [40/200]	Time 0.011 (0.060)	Loss 0.0929 (0.0993)
2023-11-23 12:10:10,497 Test: [50/200]	Time 0.014 (0.051)	Loss 0.1575 (0.0993)
2023-11-23 12:10:10,634 Test: [60/200]	Time 0.015 (0.045)	Loss 0.1190 (0.1017)
2023-11-23 12:10:10,784 Test: [70/200]	Time 0.012 (0.041)	Loss 0.1052 (0.1022)
2023-11-23 12:10:10,935 Test: [80/200]	Time 0.015 (0.038)	Loss 0.1233 (0.0998)
2023-11-23 12:10:11,092 Test: [90/200]	Time 0.015 (0.035)	Loss 0.1219 (0.1012)
2023-11-23 12:10:11,253 Test: [100/200]	Time 0.016 (0.033)	Loss 0.1571 (0.1006)
2023-11-23 12:10:11,392 Test: [110/200]	Time 0.012 (0.031)	Loss 0.1658 (0.1014)
2023-11-23 12:10:11,532 Test: [120/200]	Time 0.012 (0.030)	Loss 0.1107 (0.1001)
2023-11-23 12:10:11,674 Test: [130/200]	Time 0.015 (0.029)	Loss 0.1074 (0.1010)
2023-11-23 12:10:11,825 Test: [140/200]	Time 0.015 (0.028)	Loss 0.0943 (0.1007)
2023-11-23 12:10:11,966 Test: [150/200]	Time 0.015 (0.027)	Loss 0.0943 (0.0996)
2023-11-23 12:10:12,113 Test: [160/200]	Time 0.015 (0.026)	Loss 0.1027 (0.0994)
2023-11-23 12:10:12,249 Test: [170/200]	Time 0.012 (0.025)	Loss 0.0867 (0.0984)
2023-11-23 12:10:12,396 Test: [180/200]	Time 0.016 (0.025)	Loss 0.0762 (0.0976)
2023-11-23 12:10:12,534 Test: [190/200]	Time 0.011 (0.024)	Loss 0.0580 (0.0975)
2023-11-23 12:10:13,743 Mean IoU score: 0.780
2023-11-23 12:10:13,748 => saving checkpoint to out
2023-11-23 12:10:16,074 Epoch: [4][0/200]	Time 2.309s (2.309s)	Speed 13.9 samples/s	Data 2.066s (2.066s)	Loss 0.03485 (0.03485)
2023-11-23 12:10:17,704 Epoch: [4][10/200]	Time 0.161s (0.358s)	Speed 198.7 samples/s	Data 0.000s (0.189s)	Loss 0.02576 (0.02962)
2023-11-23 12:10:19,432 Epoch: [4][20/200]	Time 0.175s (0.270s)	Speed 182.9 samples/s	Data 0.000s (0.099s)	Loss 0.02555 (0.02812)
2023-11-23 12:10:21,074 Epoch: [4][30/200]	Time 0.163s (0.236s)	Speed 196.3 samples/s	Data 0.000s (0.067s)	Loss 0.02484 (0.02797)
2023-11-23 12:10:22,597 Epoch: [4][40/200]	Time 0.146s (0.215s)	Speed 219.2 samples/s	Data 0.001s (0.051s)	Loss 0.02434 (0.02802)
2023-11-23 12:10:24,185 Epoch: [4][50/200]	Time 0.181s (0.204s)	Speed 176.8 samples/s	Data 0.001s (0.041s)	Loss 0.02323 (0.02766)
2023-11-23 12:10:25,798 Epoch: [4][60/200]	Time 0.172s (0.197s)	Speed 186.0 samples/s	Data 0.000s (0.035s)	Loss 0.02036 (0.02703)
2023-11-23 12:10:27,514 Epoch: [4][70/200]	Time 0.173s (0.194s)	Speed 185.0 samples/s	Data 0.000s (0.030s)	Loss 0.02676 (0.02693)
2023-11-23 12:10:29,135 Epoch: [4][80/200]	Time 0.169s (0.190s)	Speed 189.4 samples/s	Data 0.001s (0.026s)	Loss 0.02337 (0.02662)
2023-11-23 12:10:30,570 Epoch: [4][90/200]	Time 0.142s (0.185s)	Speed 225.4 samples/s	Data 0.001s (0.023s)	Loss 0.02687 (0.02633)
2023-11-23 12:10:32,130 Epoch: [4][100/200]	Time 0.155s (0.182s)	Speed 206.4 samples/s	Data 0.000s (0.021s)	Loss 0.02608 (0.02624)
2023-11-23 12:10:33,814 Epoch: [4][110/200]	Time 0.179s (0.181s)	Speed 178.8 samples/s	Data 0.001s (0.019s)	Loss 0.02694 (0.02626)
2023-11-23 12:10:35,495 Epoch: [4][120/200]	Time 0.163s (0.180s)	Speed 196.3 samples/s	Data 0.001s (0.018s)	Loss 0.02890 (0.02612)
2023-11-23 12:10:36,997 Epoch: [4][130/200]	Time 0.147s (0.177s)	Speed 217.7 samples/s	Data 0.000s (0.016s)	Loss 0.02376 (0.02608)
2023-11-23 12:10:38,543 Epoch: [4][140/200]	Time 0.149s (0.176s)	Speed 214.8 samples/s	Data 0.001s (0.015s)	Loss 0.02785 (0.02611)
2023-11-23 12:10:40,144 Epoch: [4][150/200]	Time 0.145s (0.175s)	Speed 220.7 samples/s	Data 0.001s (0.014s)	Loss 0.02096 (0.02601)
2023-11-23 12:10:41,773 Epoch: [4][160/200]	Time 0.152s (0.174s)	Speed 210.5 samples/s	Data 0.001s (0.014s)	Loss 0.02105 (0.02571)
2023-11-23 12:10:43,355 Epoch: [4][170/200]	Time 0.157s (0.173s)	Speed 203.8 samples/s	Data 0.001s (0.013s)	Loss 0.01910 (0.02557)
2023-11-23 12:10:44,845 Epoch: [4][180/200]	Time 0.135s (0.172s)	Speed 236.9 samples/s	Data 0.001s (0.012s)	Loss 0.03301 (0.02548)
2023-11-23 12:10:46,430 Epoch: [4][190/200]	Time 0.175s (0.171s)	Speed 182.9 samples/s	Data 0.001s (0.012s)	Loss 0.02509 (0.02533)
2023-11-23 12:10:49,997 Test: [0/200]	Time 1.889 (1.889)	Loss 0.0706 (0.0706)
2023-11-23 12:10:50,148 Test: [10/200]	Time 0.014 (0.185)	Loss 0.0186 (0.0668)
2023-11-23 12:10:50,300 Test: [20/200]	Time 0.015 (0.104)	Loss 0.0438 (0.0705)
2023-11-23 12:10:50,448 Test: [30/200]	Time 0.016 (0.075)	Loss 0.1174 (0.0772)
2023-11-23 12:10:50,586 Test: [40/200]	Time 0.015 (0.060)	Loss 0.0528 (0.0795)
2023-11-23 12:10:50,734 Test: [50/200]	Time 0.016 (0.051)	Loss 0.1120 (0.0800)
2023-11-23 12:10:50,884 Test: [60/200]	Time 0.016 (0.045)	Loss 0.1189 (0.0821)
2023-11-23 12:10:51,029 Test: [70/200]	Time 0.016 (0.041)	Loss 0.0648 (0.0817)
2023-11-23 12:10:51,175 Test: [80/200]	Time 0.015 (0.038)	Loss 0.0990 (0.0800)
2023-11-23 12:10:51,322 Test: [90/200]	Time 0.014 (0.035)	Loss 0.1358 (0.0815)
2023-11-23 12:10:51,467 Test: [100/200]	Time 0.015 (0.033)	Loss 0.1411 (0.0809)
2023-11-23 12:10:51,609 Test: [110/200]	Time 0.014 (0.032)	Loss 0.1438 (0.0815)
2023-11-23 12:10:51,759 Test: [120/200]	Time 0.015 (0.030)	Loss 0.1094 (0.0800)
2023-11-23 12:10:51,911 Test: [130/200]	Time 0.014 (0.029)	Loss 0.0674 (0.0811)
2023-11-23 12:10:52,050 Test: [140/200]	Time 0.014 (0.028)	Loss 0.0744 (0.0805)
2023-11-23 12:10:52,192 Test: [150/200]	Time 0.012 (0.027)	Loss 0.0684 (0.0793)
2023-11-23 12:10:52,328 Test: [160/200]	Time 0.012 (0.026)	Loss 0.0770 (0.0791)
2023-11-23 12:10:52,471 Test: [170/200]	Time 0.014 (0.026)	Loss 0.0654 (0.0782)
2023-11-23 12:10:52,617 Test: [180/200]	Time 0.015 (0.025)	Loss 0.0662 (0.0775)
2023-11-23 12:10:52,763 Test: [190/200]	Time 0.013 (0.024)	Loss 0.0384 (0.0774)
2023-11-23 12:10:53,972 Mean IoU score: 0.821
2023-11-23 12:10:53,977 => saving checkpoint to out
2023-11-23 12:10:56,272 Epoch: [5][0/200]	Time 2.276s (2.276s)	Speed 14.1 samples/s	Data 2.055s (2.055s)	Loss 0.01664 (0.01664)
2023-11-23 12:10:57,865 Epoch: [5][10/200]	Time 0.148s (0.352s)	Speed 216.2 samples/s	Data 0.001s (0.187s)	Loss 0.01768 (0.02004)
2023-11-23 12:10:59,424 Epoch: [5][20/200]	Time 0.169s (0.258s)	Speed 189.3 samples/s	Data 0.001s (0.098s)	Loss 0.02106 (0.02078)
2023-11-23 12:11:01,122 Epoch: [5][30/200]	Time 0.174s (0.230s)	Speed 183.9 samples/s	Data 0.001s (0.067s)	Loss 0.02602 (0.02071)
2023-11-23 12:11:02,779 Epoch: [5][40/200]	Time 0.153s (0.214s)	Speed 209.2 samples/s	Data 0.000s (0.051s)	Loss 0.01930 (0.02064)
2023-11-23 12:11:04,341 Epoch: [5][50/200]	Time 0.148s (0.203s)	Speed 216.2 samples/s	Data 0.001s (0.041s)	Loss 0.02114 (0.02067)
2023-11-23 12:11:05,910 Epoch: [5][60/200]	Time 0.134s (0.195s)	Speed 238.8 samples/s	Data 0.000s (0.034s)	Loss 0.01505 (0.02037)
2023-11-23 12:11:07,555 Epoch: [5][70/200]	Time 0.169s (0.191s)	Speed 189.3 samples/s	Data 0.000s (0.030s)	Loss 0.01802 (0.02014)
2023-11-23 12:11:09,161 Epoch: [5][80/200]	Time 0.161s (0.187s)	Speed 198.7 samples/s	Data 0.000s (0.026s)	Loss 0.01913 (0.01998)
2023-11-23 12:11:10,804 Epoch: [5][90/200]	Time 0.165s (0.185s)	Speed 193.9 samples/s	Data 0.000s (0.023s)	Loss 0.01392 (0.01992)
2023-11-23 12:11:12,354 Epoch: [5][100/200]	Time 0.143s (0.182s)	Speed 223.8 samples/s	Data 0.000s (0.021s)	Loss 0.02027 (0.01981)
2023-11-23 12:11:13,835 Epoch: [5][110/200]	Time 0.149s (0.179s)	Speed 214.8 samples/s	Data 0.000s (0.019s)	Loss 0.02091 (0.01982)
2023-11-23 12:11:15,477 Epoch: [5][120/200]	Time 0.165s (0.178s)	Speed 193.9 samples/s	Data 0.000s (0.018s)	Loss 0.01951 (0.01964)
2023-11-23 12:11:17,078 Epoch: [5][130/200]	Time 0.166s (0.176s)	Speed 192.8 samples/s	Data 0.000s (0.016s)	Loss 0.02280 (0.01971)
2023-11-23 12:11:18,642 Epoch: [5][140/200]	Time 0.136s (0.175s)	Speed 235.3 samples/s	Data 0.001s (0.015s)	Loss 0.02102 (0.01971)
2023-11-23 12:11:20,171 Epoch: [5][150/200]	Time 0.152s (0.173s)	Speed 210.5 samples/s	Data 0.001s (0.014s)	Loss 0.02230 (0.01963)
2023-11-23 12:11:21,699 Epoch: [5][160/200]	Time 0.164s (0.172s)	Speed 195.1 samples/s	Data 0.000s (0.013s)	Loss 0.02247 (0.01951)
2023-11-23 12:11:23,315 Epoch: [5][170/200]	Time 0.153s (0.171s)	Speed 209.2 samples/s	Data 0.001s (0.013s)	Loss 0.01834 (0.01947)
2023-11-23 12:11:24,956 Epoch: [5][180/200]	Time 0.152s (0.171s)	Speed 210.5 samples/s	Data 0.000s (0.012s)	Loss 0.01758 (0.01954)
2023-11-23 12:11:26,507 Epoch: [5][190/200]	Time 0.154s (0.170s)	Speed 207.8 samples/s	Data 0.001s (0.011s)	Loss 0.01620 (0.01958)
2023-11-23 12:11:30,107 Test: [0/200]	Time 1.888 (1.888)	Loss 0.1053 (0.1053)
2023-11-23 12:11:30,249 Test: [10/200]	Time 0.012 (0.185)	Loss 0.0175 (0.0766)
2023-11-23 12:11:30,378 Test: [20/200]	Time 0.011 (0.103)	Loss 0.0640 (0.0813)
2023-11-23 12:11:30,515 Test: [30/200]	Time 0.014 (0.074)	Loss 0.1258 (0.0947)
2023-11-23 12:11:30,659 Test: [40/200]	Time 0.014 (0.060)	Loss 0.0717 (0.0957)
2023-11-23 12:11:30,802 Test: [50/200]	Time 0.013 (0.051)	Loss 0.1489 (0.0982)
2023-11-23 12:11:30,946 Test: [60/200]	Time 0.014 (0.045)	Loss 0.1220 (0.0993)
2023-11-23 12:11:31,086 Test: [70/200]	Time 0.012 (0.040)	Loss 0.1036 (0.1001)
2023-11-23 12:11:31,233 Test: [80/200]	Time 0.014 (0.037)	Loss 0.1445 (0.0981)
2023-11-23 12:11:31,379 Test: [90/200]	Time 0.015 (0.035)	Loss 0.1192 (0.1001)
2023-11-23 12:11:31,516 Test: [100/200]	Time 0.011 (0.033)	Loss 0.1910 (0.0987)
2023-11-23 12:11:31,668 Test: [110/200]	Time 0.016 (0.031)	Loss 0.1439 (0.0987)
2023-11-23 12:11:31,815 Test: [120/200]	Time 0.016 (0.030)	Loss 0.1254 (0.0965)
2023-11-23 12:11:31,946 Test: [130/200]	Time 0.012 (0.028)	Loss 0.0708 (0.0975)
2023-11-23 12:11:32,087 Test: [140/200]	Time 0.014 (0.027)	Loss 0.0959 (0.0972)
2023-11-23 12:11:32,229 Test: [150/200]	Time 0.015 (0.027)	Loss 0.0664 (0.0954)
2023-11-23 12:11:32,377 Test: [160/200]	Time 0.014 (0.026)	Loss 0.0983 (0.0950)
2023-11-23 12:11:32,523 Test: [170/200]	Time 0.015 (0.025)	Loss 0.0984 (0.0937)
2023-11-23 12:11:32,674 Test: [180/200]	Time 0.016 (0.025)	Loss 0.0739 (0.0929)
2023-11-23 12:11:32,830 Test: [190/200]	Time 0.017 (0.024)	Loss 0.0478 (0.0924)
2023-11-23 12:11:34,036 Mean IoU score: 0.785
2023-11-23 12:11:34,041 => saving checkpoint to out
2023-11-23 12:11:36,378 Epoch: [6][0/200]	Time 2.324s (2.324s)	Speed 13.8 samples/s	Data 2.071s (2.071s)	Loss 0.01748 (0.01748)
2023-11-23 12:11:38,078 Epoch: [6][10/200]	Time 0.156s (0.366s)	Speed 205.1 samples/s	Data 0.000s (0.189s)	Loss 0.01957 (0.01670)
2023-11-23 12:11:39,638 Epoch: [6][20/200]	Time 0.172s (0.266s)	Speed 186.0 samples/s	Data 0.001s (0.099s)	Loss 0.01548 (0.01743)
2023-11-23 12:11:41,198 Epoch: [6][30/200]	Time 0.155s (0.230s)	Speed 206.5 samples/s	Data 0.000s (0.067s)	Loss 0.01658 (0.01742)
2023-11-23 12:11:42,867 Epoch: [6][40/200]	Time 0.169s (0.215s)	Speed 189.3 samples/s	Data 0.001s (0.051s)	Loss 0.01844 (0.01723)
2023-11-23 12:11:44,568 Epoch: [6][50/200]	Time 0.175s (0.206s)	Speed 182.9 samples/s	Data 0.001s (0.041s)	Loss 0.01490 (0.01718)
2023-11-23 12:11:46,189 Epoch: [6][60/200]	Time 0.147s (0.199s)	Speed 217.7 samples/s	Data 0.001s (0.035s)	Loss 0.01382 (0.01690)
2023-11-23 12:11:47,712 Epoch: [6][70/200]	Time 0.144s (0.192s)	Speed 222.2 samples/s	Data 0.001s (0.030s)	Loss 0.01512 (0.01657)
2023-11-23 12:11:49,287 Epoch: [6][80/200]	Time 0.153s (0.188s)	Speed 209.2 samples/s	Data 0.001s (0.026s)	Loss 0.01455 (0.01641)
2023-11-23 12:11:50,944 Epoch: [6][90/200]	Time 0.169s (0.186s)	Speed 189.4 samples/s	Data 0.000s (0.023s)	Loss 0.01574 (0.01628)
2023-11-23 12:11:52,541 Epoch: [6][100/200]	Time 0.159s (0.183s)	Speed 201.2 samples/s	Data 0.001s (0.021s)	Loss 0.01503 (0.01620)
2023-11-23 12:11:54,071 Epoch: [6][110/200]	Time 0.168s (0.180s)	Speed 190.5 samples/s	Data 0.001s (0.019s)	Loss 0.01445 (0.01609)
2023-11-23 12:11:55,614 Epoch: [6][120/200]	Time 0.162s (0.178s)	Speed 197.5 samples/s	Data 0.001s (0.018s)	Loss 0.01701 (0.01601)
2023-11-23 12:11:57,223 Epoch: [6][130/200]	Time 0.167s (0.177s)	Speed 191.6 samples/s	Data 0.000s (0.016s)	Loss 0.01140 (0.01587)
2023-11-23 12:11:58,852 Epoch: [6][140/200]	Time 0.177s (0.176s)	Speed 180.8 samples/s	Data 0.001s (0.015s)	Loss 0.01329 (0.01577)
2023-11-23 12:12:00,475 Epoch: [6][150/200]	Time 0.156s (0.175s)	Speed 205.1 samples/s	Data 0.001s (0.014s)	Loss 0.01441 (0.01568)
2023-11-23 12:12:02,023 Epoch: [6][160/200]	Time 0.151s (0.174s)	Speed 211.9 samples/s	Data 0.001s (0.014s)	Loss 0.01838 (0.01566)
2023-11-23 12:12:03,542 Epoch: [6][170/200]	Time 0.149s (0.172s)	Speed 214.7 samples/s	Data 0.001s (0.013s)	Loss 0.01395 (0.01554)
2023-11-23 12:12:05,237 Epoch: [6][180/200]	Time 0.174s (0.172s)	Speed 183.9 samples/s	Data 0.001s (0.012s)	Loss 0.01113 (0.01553)
2023-11-23 12:12:06,929 Epoch: [6][190/200]	Time 0.171s (0.172s)	Speed 187.1 samples/s	Data 0.001s (0.012s)	Loss 0.01450 (0.01549)
2023-11-23 12:12:10,508 Test: [0/200]	Time 1.882 (1.882)	Loss 0.0614 (0.0614)
2023-11-23 12:12:10,653 Test: [10/200]	Time 0.015 (0.184)	Loss 0.0121 (0.0588)
2023-11-23 12:12:10,809 Test: [20/200]	Time 0.015 (0.104)	Loss 0.0294 (0.0612)
2023-11-23 12:12:10,949 Test: [30/200]	Time 0.012 (0.075)	Loss 0.0978 (0.0661)
2023-11-23 12:12:11,089 Test: [40/200]	Time 0.015 (0.060)	Loss 0.0646 (0.0667)
2023-11-23 12:12:11,229 Test: [50/200]	Time 0.013 (0.051)	Loss 0.0918 (0.0667)
2023-11-23 12:12:11,371 Test: [60/200]	Time 0.014 (0.045)	Loss 0.0933 (0.0692)
2023-11-23 12:12:11,518 Test: [70/200]	Time 0.013 (0.041)	Loss 0.0595 (0.0691)
2023-11-23 12:12:11,656 Test: [80/200]	Time 0.015 (0.037)	Loss 0.0576 (0.0676)
2023-11-23 12:12:11,792 Test: [90/200]	Time 0.012 (0.035)	Loss 0.1099 (0.0687)
2023-11-23 12:12:11,925 Test: [100/200]	Time 0.012 (0.033)	Loss 0.1035 (0.0680)
2023-11-23 12:12:12,058 Test: [110/200]	Time 0.014 (0.031)	Loss 0.1554 (0.0696)
2023-11-23 12:12:12,198 Test: [120/200]	Time 0.014 (0.030)	Loss 0.0814 (0.0682)
2023-11-23 12:12:12,327 Test: [130/200]	Time 0.011 (0.028)	Loss 0.0564 (0.0688)
2023-11-23 12:12:12,456 Test: [140/200]	Time 0.014 (0.027)	Loss 0.0600 (0.0683)
2023-11-23 12:12:12,603 Test: [150/200]	Time 0.014 (0.026)	Loss 0.0680 (0.0673)
2023-11-23 12:12:12,750 Test: [160/200]	Time 0.014 (0.026)	Loss 0.0945 (0.0674)
2023-11-23 12:12:12,892 Test: [170/200]	Time 0.013 (0.025)	Loss 0.0934 (0.0670)
2023-11-23 12:12:13,027 Test: [180/200]	Time 0.014 (0.024)	Loss 0.0576 (0.0665)
2023-11-23 12:12:13,174 Test: [190/200]	Time 0.014 (0.024)	Loss 0.0324 (0.0664)
2023-11-23 12:12:14,369 Mean IoU score: 0.842
2023-11-23 12:12:14,375 => saving checkpoint to out
2023-11-23 12:12:16,713 Epoch: [7][0/200]	Time 2.320s (2.320s)	Speed 13.8 samples/s	Data 2.080s (2.080s)	Loss 0.01367 (0.01367)
2023-11-23 12:12:18,372 Epoch: [7][10/200]	Time 0.178s (0.362s)	Speed 179.7 samples/s	Data 0.001s (0.189s)	Loss 0.01223 (0.01406)
2023-11-23 12:12:19,975 Epoch: [7][20/200]	Time 0.144s (0.266s)	Speed 222.2 samples/s	Data 0.000s (0.099s)	Loss 0.01610 (0.01413)
2023-11-23 12:12:21,490 Epoch: [7][30/200]	Time 0.151s (0.229s)	Speed 211.9 samples/s	Data 0.001s (0.068s)	Loss 0.01514 (0.01384)
2023-11-23 12:12:23,008 Epoch: [7][40/200]	Time 0.150s (0.210s)	Speed 213.3 samples/s	Data 0.000s (0.051s)	Loss 0.01083 (0.01378)
2023-11-23 12:12:24,593 Epoch: [7][50/200]	Time 0.177s (0.200s)	Speed 180.8 samples/s	Data 0.001s (0.041s)	Loss 0.01340 (0.01358)
2023-11-23 12:12:26,316 Epoch: [7][60/200]	Time 0.174s (0.195s)	Speed 183.9 samples/s	Data 0.000s (0.035s)	Loss 0.01227 (0.01348)
2023-11-23 12:12:27,946 Epoch: [7][70/200]	Time 0.176s (0.191s)	Speed 181.8 samples/s	Data 0.000s (0.030s)	Loss 0.01071 (0.01330)
2023-11-23 12:12:29,523 Epoch: [7][80/200]	Time 0.168s (0.187s)	Speed 190.5 samples/s	Data 0.000s (0.026s)	Loss 0.01140 (0.01326)
2023-11-23 12:12:31,093 Epoch: [7][90/200]	Time 0.142s (0.184s)	Speed 225.3 samples/s	Data 0.001s (0.023s)	Loss 0.01485 (0.01310)
2023-11-23 12:12:32,738 Epoch: [7][100/200]	Time 0.172s (0.182s)	Speed 186.0 samples/s	Data 0.001s (0.021s)	Loss 0.01573 (0.01317)
2023-11-23 12:12:34,397 Epoch: [7][110/200]	Time 0.180s (0.180s)	Speed 177.8 samples/s	Data 0.001s (0.019s)	Loss 0.00982 (0.01311)
2023-11-23 12:12:36,185 Epoch: [7][120/200]	Time 0.181s (0.180s)	Speed 176.8 samples/s	Data 0.001s (0.018s)	Loss 0.01233 (0.01317)
2023-11-23 12:12:37,957 Epoch: [7][130/200]	Time 0.159s (0.180s)	Speed 201.2 samples/s	Data 0.000s (0.017s)	Loss 0.01111 (0.01314)
2023-11-23 12:12:39,754 Epoch: [7][140/200]	Time 0.181s (0.180s)	Speed 176.8 samples/s	Data 0.001s (0.015s)	Loss 0.01569 (0.01309)
2023-11-23 12:12:41,555 Epoch: [7][150/200]	Time 0.182s (0.180s)	Speed 175.8 samples/s	Data 0.001s (0.014s)	Loss 0.01128 (0.01304)
2023-11-23 12:12:43,341 Epoch: [7][160/200]	Time 0.181s (0.180s)	Speed 176.8 samples/s	Data 0.000s (0.014s)	Loss 0.01615 (0.01300)
2023-11-23 12:12:45,118 Epoch: [7][170/200]	Time 0.177s (0.180s)	Speed 180.8 samples/s	Data 0.001s (0.013s)	Loss 0.01453 (0.01301)
2023-11-23 12:12:46,908 Epoch: [7][180/200]	Time 0.183s (0.180s)	Speed 174.9 samples/s	Data 0.001s (0.012s)	Loss 0.01220 (0.01303)
2023-11-23 12:12:48,710 Epoch: [7][190/200]	Time 0.188s (0.180s)	Speed 170.2 samples/s	Data 0.000s (0.012s)	Loss 0.01236 (0.01307)
2023-11-23 12:12:52,680 Test: [0/200]	Time 2.071 (2.071)	Loss 0.0559 (0.0559)
2023-11-23 12:12:52,844 Test: [10/200]	Time 0.016 (0.203)	Loss 0.0102 (0.0532)
2023-11-23 12:12:52,999 Test: [20/200]	Time 0.015 (0.114)	Loss 0.0242 (0.0535)
2023-11-23 12:12:53,157 Test: [30/200]	Time 0.016 (0.082)	Loss 0.0943 (0.0577)
2023-11-23 12:12:53,310 Test: [40/200]	Time 0.015 (0.066)	Loss 0.0549 (0.0594)
2023-11-23 12:12:53,465 Test: [50/200]	Time 0.015 (0.056)	Loss 0.0796 (0.0595)
2023-11-23 12:12:53,621 Test: [60/200]	Time 0.016 (0.049)	Loss 0.0676 (0.0618)
2023-11-23 12:12:53,779 Test: [70/200]	Time 0.014 (0.045)	Loss 0.0494 (0.0615)
2023-11-23 12:12:53,932 Test: [80/200]	Time 0.016 (0.041)	Loss 0.0699 (0.0603)
2023-11-23 12:12:54,088 Test: [90/200]	Time 0.015 (0.038)	Loss 0.0946 (0.0618)
2023-11-23 12:12:54,240 Test: [100/200]	Time 0.016 (0.036)	Loss 0.1037 (0.0614)
2023-11-23 12:12:54,393 Test: [110/200]	Time 0.015 (0.034)	Loss 0.1627 (0.0626)
2023-11-23 12:12:54,550 Test: [120/200]	Time 0.016 (0.033)	Loss 0.0757 (0.0614)
2023-11-23 12:12:54,705 Test: [130/200]	Time 0.016 (0.031)	Loss 0.0471 (0.0618)
2023-11-23 12:12:54,860 Test: [140/200]	Time 0.015 (0.030)	Loss 0.0593 (0.0613)
2023-11-23 12:12:55,017 Test: [150/200]	Time 0.017 (0.029)	Loss 0.0563 (0.0602)
2023-11-23 12:12:55,169 Test: [160/200]	Time 0.016 (0.028)	Loss 0.0624 (0.0603)
2023-11-23 12:12:55,319 Test: [170/200]	Time 0.015 (0.028)	Loss 0.0642 (0.0596)
2023-11-23 12:12:55,475 Test: [180/200]	Time 0.015 (0.027)	Loss 0.0506 (0.0593)
2023-11-23 12:12:55,628 Test: [190/200]	Time 0.016 (0.026)	Loss 0.0279 (0.0592)
2023-11-23 12:12:56,892 Mean IoU score: 0.859
2023-11-23 12:12:56,898 => saving checkpoint to out
2023-11-23 12:12:59,345 Epoch: [8][0/200]	Time 2.428s (2.428s)	Speed 13.2 samples/s	Data 2.173s (2.173s)	Loss 0.01133 (0.01133)
2023-11-23 12:13:01,159 Epoch: [8][10/200]	Time 0.185s (0.386s)	Speed 173.0 samples/s	Data 0.001s (0.198s)	Loss 0.00984 (0.01147)
2023-11-23 12:13:02,995 Epoch: [8][20/200]	Time 0.189s (0.289s)	Speed 169.7 samples/s	Data 0.001s (0.104s)	Loss 0.01114 (0.01187)
2023-11-23 12:13:04,817 Epoch: [8][30/200]	Time 0.183s (0.255s)	Speed 174.9 samples/s	Data 0.000s (0.071s)	Loss 0.01121 (0.01193)
2023-11-23 12:13:06,619 Epoch: [8][40/200]	Time 0.177s (0.237s)	Speed 180.8 samples/s	Data 0.001s (0.054s)	Loss 0.00916 (0.01182)
2023-11-23 12:13:08,442 Epoch: [8][50/200]	Time 0.184s (0.226s)	Speed 173.9 samples/s	Data 0.001s (0.043s)	Loss 0.01255 (0.01194)
2023-11-23 12:13:10,278 Epoch: [8][60/200]	Time 0.182s (0.219s)	Speed 175.8 samples/s	Data 0.000s (0.036s)	Loss 0.01283 (0.01187)
2023-11-23 12:13:12,069 Epoch: [8][70/200]	Time 0.177s (0.213s)	Speed 180.8 samples/s	Data 0.001s (0.031s)	Loss 0.01168 (0.01177)
2023-11-23 12:13:13,874 Epoch: [8][80/200]	Time 0.178s (0.209s)	Speed 179.8 samples/s	Data 0.000s (0.027s)	Loss 0.00852 (0.01170)
2023-11-23 12:13:15,671 Epoch: [8][90/200]	Time 0.176s (0.206s)	Speed 182.3 samples/s	Data 0.000s (0.025s)	Loss 0.00875 (0.01153)
2023-11-23 12:13:17,463 Epoch: [8][100/200]	Time 0.183s (0.203s)	Speed 174.9 samples/s	Data 0.001s (0.022s)	Loss 0.01153 (0.01154)
2023-11-23 12:13:19,258 Epoch: [8][110/200]	Time 0.179s (0.201s)	Speed 178.8 samples/s	Data 0.000s (0.020s)	Loss 0.01313 (0.01154)
2023-11-23 12:13:21,082 Epoch: [8][120/200]	Time 0.185s (0.200s)	Speed 173.0 samples/s	Data 0.001s (0.019s)	Loss 0.01225 (0.01163)
2023-11-23 12:13:22,958 Epoch: [8][130/200]	Time 0.188s (0.199s)	Speed 170.2 samples/s	Data 0.001s (0.017s)	Loss 0.00825 (0.01160)
2023-11-23 12:13:24,790 Epoch: [8][140/200]	Time 0.180s (0.198s)	Speed 177.8 samples/s	Data 0.001s (0.016s)	Loss 0.01353 (0.01163)
2023-11-23 12:13:26,591 Epoch: [8][150/200]	Time 0.179s (0.197s)	Speed 178.8 samples/s	Data 0.001s (0.015s)	Loss 0.01063 (0.01157)
2023-11-23 12:13:28,398 Epoch: [8][160/200]	Time 0.185s (0.196s)	Speed 173.0 samples/s	Data 0.000s (0.014s)	Loss 0.01204 (0.01157)
2023-11-23 12:13:30,211 Epoch: [8][170/200]	Time 0.178s (0.195s)	Speed 179.8 samples/s	Data 0.000s (0.013s)	Loss 0.01085 (0.01157)
2023-11-23 12:13:32,018 Epoch: [8][180/200]	Time 0.181s (0.194s)	Speed 176.8 samples/s	Data 0.001s (0.013s)	Loss 0.01292 (0.01156)
2023-11-23 12:13:33,813 Epoch: [8][190/200]	Time 0.181s (0.193s)	Speed 176.8 samples/s	Data 0.001s (0.012s)	Loss 0.01191 (0.01150)
2023-11-23 12:13:37,645 Test: [0/200]	Time 1.941 (1.941)	Loss 0.0509 (0.0509)
2023-11-23 12:13:37,807 Test: [10/200]	Time 0.014 (0.191)	Loss 0.0131 (0.0508)
2023-11-23 12:13:37,958 Test: [20/200]	Time 0.015 (0.107)	Loss 0.0212 (0.0504)
2023-11-23 12:13:38,112 Test: [30/200]	Time 0.017 (0.078)	Loss 0.0748 (0.0540)
2023-11-23 12:13:38,270 Test: [40/200]	Time 0.017 (0.063)	Loss 0.0517 (0.0561)
2023-11-23 12:13:38,429 Test: [50/200]	Time 0.016 (0.053)	Loss 0.0945 (0.0564)
2023-11-23 12:13:38,582 Test: [60/200]	Time 0.015 (0.047)	Loss 0.0699 (0.0589)
2023-11-23 12:13:38,740 Test: [70/200]	Time 0.016 (0.043)	Loss 0.0438 (0.0588)
2023-11-23 12:13:38,897 Test: [80/200]	Time 0.015 (0.039)	Loss 0.0887 (0.0581)
2023-11-23 12:13:39,051 Test: [90/200]	Time 0.015 (0.037)	Loss 0.0922 (0.0593)
2023-11-23 12:13:39,208 Test: [100/200]	Time 0.015 (0.035)	Loss 0.0948 (0.0588)
2023-11-23 12:13:39,369 Test: [110/200]	Time 0.017 (0.033)	Loss 0.1644 (0.0595)
2023-11-23 12:13:39,529 Test: [120/200]	Time 0.015 (0.032)	Loss 0.0665 (0.0584)
2023-11-23 12:13:39,688 Test: [130/200]	Time 0.016 (0.030)	Loss 0.0456 (0.0586)
2023-11-23 12:13:39,846 Test: [140/200]	Time 0.016 (0.029)	Loss 0.0578 (0.0584)
2023-11-23 12:13:40,007 Test: [150/200]	Time 0.015 (0.028)	Loss 0.0616 (0.0575)
2023-11-23 12:13:40,173 Test: [160/200]	Time 0.016 (0.028)	Loss 0.0658 (0.0576)
2023-11-23 12:13:40,341 Test: [170/200]	Time 0.017 (0.027)	Loss 0.0520 (0.0571)
2023-11-23 12:13:40,501 Test: [180/200]	Time 0.016 (0.026)	Loss 0.0445 (0.0568)
2023-11-23 12:13:40,674 Test: [190/200]	Time 0.017 (0.026)	Loss 0.0270 (0.0567)
2023-11-23 12:13:42,000 Mean IoU score: 0.864
2023-11-23 12:13:42,006 => saving checkpoint to out
2023-11-23 12:13:44,494 Epoch: [9][0/200]	Time 2.469s (2.469s)	Speed 13.0 samples/s	Data 2.185s (2.185s)	Loss 0.01100 (0.01100)
2023-11-23 12:13:46,316 Epoch: [9][10/200]	Time 0.184s (0.390s)	Speed 173.9 samples/s	Data 0.001s (0.199s)	Loss 0.00998 (0.01041)
2023-11-23 12:13:48,006 Epoch: [9][20/200]	Time 0.190s (0.285s)	Speed 168.4 samples/s	Data 0.000s (0.105s)	Loss 0.01537 (0.01081)
2023-11-23 12:13:49,879 Epoch: [9][30/200]	Time 0.191s (0.253s)	Speed 167.5 samples/s	Data 0.000s (0.071s)	Loss 0.01006 (0.01089)
2023-11-23 12:13:51,770 Epoch: [9][40/200]	Time 0.187s (0.238s)	Speed 171.1 samples/s	Data 0.001s (0.054s)	Loss 0.01038 (0.01091)
2023-11-23 12:13:53,806 Epoch: [9][50/200]	Time 0.187s (0.231s)	Speed 171.1 samples/s	Data 0.001s (0.044s)	Loss 0.00794 (0.01077)
2023-11-23 12:13:55,723 Epoch: [9][60/200]	Time 0.184s (0.225s)	Speed 173.9 samples/s	Data 0.000s (0.036s)	Loss 0.01100 (0.01061)
2023-11-23 12:13:57,544 Epoch: [9][70/200]	Time 0.178s (0.219s)	Speed 179.8 samples/s	Data 0.000s (0.031s)	Loss 0.01053 (0.01062)
2023-11-23 12:13:59,358 Epoch: [9][80/200]	Time 0.183s (0.214s)	Speed 174.9 samples/s	Data 0.000s (0.028s)	Loss 0.00826 (0.01064)
2023-11-23 12:14:01,236 Epoch: [9][90/200]	Time 0.188s (0.211s)	Speed 170.2 samples/s	Data 0.001s (0.025s)	Loss 0.01103 (0.01058)
2023-11-23 12:14:03,116 Epoch: [9][100/200]	Time 0.193s (0.209s)	Speed 165.8 samples/s	Data 0.001s (0.022s)	Loss 0.01574 (0.01063)
2023-11-23 12:14:05,108 Epoch: [9][110/200]	Time 0.201s (0.208s)	Speed 159.2 samples/s	Data 0.001s (0.020s)	Loss 0.01152 (0.01060)
2023-11-23 12:14:07,119 Epoch: [9][120/200]	Time 0.194s (0.207s)	Speed 164.9 samples/s	Data 0.001s (0.019s)	Loss 0.01005 (0.01055)
2023-11-23 12:14:08,975 Epoch: [9][130/200]	Time 0.188s (0.206s)	Speed 170.2 samples/s	Data 0.000s (0.017s)	Loss 0.00793 (0.01060)
2023-11-23 12:14:10,800 Epoch: [9][140/200]	Time 0.180s (0.204s)	Speed 177.8 samples/s	Data 0.001s (0.016s)	Loss 0.01098 (0.01060)
2023-11-23 12:14:12,601 Epoch: [9][150/200]	Time 0.176s (0.202s)	Speed 181.8 samples/s	Data 0.000s (0.015s)	Loss 0.00895 (0.01058)
2023-11-23 12:14:14,323 Epoch: [9][160/200]	Time 0.167s (0.201s)	Speed 191.6 samples/s	Data 0.001s (0.014s)	Loss 0.01141 (0.01056)
2023-11-23 12:14:15,955 Epoch: [9][170/200]	Time 0.173s (0.198s)	Speed 185.0 samples/s	Data 0.001s (0.014s)	Loss 0.01004 (0.01051)
2023-11-23 12:14:17,761 Epoch: [9][180/200]	Time 0.175s (0.197s)	Speed 182.9 samples/s	Data 0.001s (0.013s)	Loss 0.01010 (0.01052)
2023-11-23 12:14:19,523 Epoch: [9][190/200]	Time 0.178s (0.196s)	Speed 179.8 samples/s	Data 0.001s (0.012s)	Loss 0.00877 (0.01049)
2023-11-23 12:14:23,496 Test: [0/200]	Time 2.054 (2.054)	Loss 0.0560 (0.0560)
2023-11-23 12:14:23,667 Test: [10/200]	Time 0.016 (0.202)	Loss 0.0117 (0.0589)
2023-11-23 12:14:23,837 Test: [20/200]	Time 0.017 (0.114)	Loss 0.0272 (0.0571)
2023-11-23 12:14:24,004 Test: [30/200]	Time 0.016 (0.083)	Loss 0.0840 (0.0612)
2023-11-23 12:14:24,156 Test: [40/200]	Time 0.016 (0.066)	Loss 0.0512 (0.0636)
2023-11-23 12:14:24,322 Test: [50/200]	Time 0.017 (0.056)	Loss 0.0851 (0.0639)
2023-11-23 12:14:24,487 Test: [60/200]	Time 0.017 (0.050)	Loss 0.0751 (0.0664)
2023-11-23 12:14:24,649 Test: [70/200]	Time 0.015 (0.045)	Loss 0.0672 (0.0665)
2023-11-23 12:14:24,809 Test: [80/200]	Time 0.017 (0.042)	Loss 0.0955 (0.0656)
2023-11-23 12:14:24,970 Test: [90/200]	Time 0.016 (0.039)	Loss 0.1146 (0.0677)
2023-11-23 12:14:25,130 Test: [100/200]	Time 0.016 (0.037)	Loss 0.1112 (0.0672)
2023-11-23 12:14:25,288 Test: [110/200]	Time 0.017 (0.035)	Loss 0.1452 (0.0684)
2023-11-23 12:14:25,457 Test: [120/200]	Time 0.019 (0.033)	Loss 0.0964 (0.0672)
2023-11-23 12:14:25,623 Test: [130/200]	Time 0.017 (0.032)	Loss 0.0656 (0.0681)
2023-11-23 12:14:25,802 Test: [140/200]	Time 0.019 (0.031)	Loss 0.0945 (0.0682)
2023-11-23 12:14:25,978 Test: [150/200]	Time 0.017 (0.030)	Loss 0.0621 (0.0672)
2023-11-23 12:14:26,146 Test: [160/200]	Time 0.016 (0.029)	Loss 0.0682 (0.0668)
2023-11-23 12:14:26,314 Test: [170/200]	Time 0.018 (0.028)	Loss 0.0687 (0.0664)
2023-11-23 12:14:26,508 Test: [180/200]	Time 0.023 (0.028)	Loss 0.0560 (0.0659)
2023-11-23 12:14:26,694 Test: [190/200]	Time 0.020 (0.027)	Loss 0.0305 (0.0656)
2023-11-23 12:14:28,026 Mean IoU score: 0.843
2023-11-23 12:14:28,032 => saving checkpoint to out
2023-11-23 12:14:30,431 Epoch: [10][0/200]	Time 2.386s (2.386s)	Speed 13.4 samples/s	Data 2.126s (2.126s)	Loss 0.00900 (0.00900)
2023-11-23 12:14:32,249 Epoch: [10][10/200]	Time 0.180s (0.382s)	Speed 177.8 samples/s	Data 0.001s (0.194s)	Loss 0.00859 (0.01012)
2023-11-23 12:14:34,055 Epoch: [10][20/200]	Time 0.185s (0.286s)	Speed 173.0 samples/s	Data 0.001s (0.102s)	Loss 0.01036 (0.00980)
2023-11-23 12:14:35,898 Epoch: [10][30/200]	Time 0.183s (0.253s)	Speed 174.9 samples/s	Data 0.001s (0.069s)	Loss 0.01151 (0.01016)
2023-11-23 12:14:37,593 Epoch: [10][40/200]	Time 0.143s (0.233s)	Speed 223.8 samples/s	Data 0.001s (0.053s)	Loss 0.00954 (0.01043)
2023-11-23 12:14:39,302 Epoch: [10][50/200]	Time 0.173s (0.221s)	Speed 185.0 samples/s	Data 0.001s (0.042s)	Loss 0.01785 (0.01092)
2023-11-23 12:14:40,966 Epoch: [10][60/200]	Time 0.169s (0.212s)	Speed 189.3 samples/s	Data 0.000s (0.036s)	Loss 0.01831 (0.01139)
2023-11-23 12:14:42,658 Epoch: [10][70/200]	Time 0.174s (0.206s)	Speed 183.9 samples/s	Data 0.001s (0.031s)	Loss 0.01215 (0.01181)
2023-11-23 12:14:44,174 Epoch: [10][80/200]	Time 0.143s (0.199s)	Speed 223.8 samples/s	Data 0.001s (0.027s)	Loss 0.01947 (0.01248)
2023-11-23 12:14:45,688 Epoch: [10][90/200]	Time 0.150s (0.194s)	Speed 213.3 samples/s	Data 0.001s (0.024s)	Loss 0.01169 (0.01312)
2023-11-23 12:14:47,224 Epoch: [10][100/200]	Time 0.166s (0.190s)	Speed 192.8 samples/s	Data 0.001s (0.022s)	Loss 0.01487 (0.01387)
2023-11-23 12:14:48,911 Epoch: [10][110/200]	Time 0.162s (0.188s)	Speed 197.5 samples/s	Data 0.001s (0.020s)	Loss 0.01264 (0.01432)
2023-11-23 12:14:50,632 Epoch: [10][120/200]	Time 0.181s (0.187s)	Speed 176.8 samples/s	Data 0.000s (0.018s)	Loss 0.01576 (0.01486)
2023-11-23 12:14:52,456 Epoch: [10][130/200]	Time 0.191s (0.186s)	Speed 167.5 samples/s	Data 0.001s (0.017s)	Loss 0.01571 (0.01499)
2023-11-23 12:14:54,322 Epoch: [10][140/200]	Time 0.181s (0.186s)	Speed 176.8 samples/s	Data 0.001s (0.016s)	Loss 0.01407 (0.01509)
2023-11-23 12:14:56,146 Epoch: [10][150/200]	Time 0.181s (0.186s)	Speed 176.8 samples/s	Data 0.001s (0.015s)	Loss 0.01632 (0.01513)
2023-11-23 12:14:57,974 Epoch: [10][160/200]	Time 0.184s (0.186s)	Speed 173.9 samples/s	Data 0.001s (0.014s)	Loss 0.01304 (0.01516)
2023-11-23 12:14:59,602 Epoch: [10][170/200]	Time 0.146s (0.185s)	Speed 219.1 samples/s	Data 0.000s (0.013s)	Loss 0.01947 (0.01542)
2023-11-23 12:15:01,303 Epoch: [10][180/200]	Time 0.185s (0.184s)	Speed 172.9 samples/s	Data 0.001s (0.012s)	Loss 0.01565 (0.01544)
2023-11-23 12:15:03,102 Epoch: [10][190/200]	Time 0.182s (0.184s)	Speed 175.8 samples/s	Data 0.001s (0.012s)	Loss 0.01499 (0.01550)
2023-11-23 12:15:06,892 Test: [0/200]	Time 1.903 (1.903)	Loss 0.0983 (0.0983)
2023-11-23 12:15:07,043 Test: [10/200]	Time 0.014 (0.187)	Loss 0.0150 (0.0803)
2023-11-23 12:15:07,188 Test: [20/200]	Time 0.016 (0.105)	Loss 0.0312 (0.0765)
2023-11-23 12:15:07,334 Test: [30/200]	Time 0.012 (0.076)	Loss 0.1309 (0.0800)
2023-11-23 12:15:07,470 Test: [40/200]	Time 0.011 (0.061)	Loss 0.0823 (0.0820)
2023-11-23 12:15:07,611 Test: [50/200]	Time 0.015 (0.051)	Loss 0.0939 (0.0812)
2023-11-23 12:15:07,754 Test: [60/200]	Time 0.015 (0.045)	Loss 0.0911 (0.0850)
2023-11-23 12:15:07,900 Test: [70/200]	Time 0.016 (0.041)	Loss 0.0743 (0.0842)
2023-11-23 12:15:08,046 Test: [80/200]	Time 0.015 (0.038)	Loss 0.1109 (0.0839)
2023-11-23 12:15:08,184 Test: [90/200]	Time 0.014 (0.035)	Loss 0.1283 (0.0860)
2023-11-23 12:15:08,314 Test: [100/200]	Time 0.012 (0.033)	Loss 0.1474 (0.0857)
2023-11-23 12:15:08,445 Test: [110/200]	Time 0.015 (0.031)	Loss 0.1881 (0.0875)
2023-11-23 12:15:08,578 Test: [120/200]	Time 0.011 (0.030)	Loss 0.1152 (0.0867)
2023-11-23 12:15:08,721 Test: [130/200]	Time 0.017 (0.028)	Loss 0.0794 (0.0882)
2023-11-23 12:15:08,860 Test: [140/200]	Time 0.012 (0.027)	Loss 0.0782 (0.0875)
2023-11-23 12:15:09,008 Test: [150/200]	Time 0.015 (0.027)	Loss 0.0923 (0.0866)
2023-11-23 12:15:09,145 Test: [160/200]	Time 0.012 (0.026)	Loss 0.0867 (0.0869)
2023-11-23 12:15:09,278 Test: [170/200]	Time 0.014 (0.025)	Loss 0.0979 (0.0858)
2023-11-23 12:15:09,417 Test: [180/200]	Time 0.014 (0.024)	Loss 0.0554 (0.0848)
2023-11-23 12:15:09,553 Test: [190/200]	Time 0.014 (0.024)	Loss 0.0375 (0.0847)
2023-11-23 12:15:10,789 Mean IoU score: 0.802
2023-11-23 12:15:10,795 => saving checkpoint to out
2023-11-23 12:15:13,134 Epoch: [11][0/200]	Time 2.326s (2.326s)	Speed 13.8 samples/s	Data 2.073s (2.073s)	Loss 0.01218 (0.01218)
2023-11-23 12:15:14,755 Epoch: [11][10/200]	Time 0.172s (0.359s)	Speed 186.0 samples/s	Data 0.000s (0.189s)	Loss 0.01590 (0.01386)
2023-11-23 12:15:16,381 Epoch: [11][20/200]	Time 0.162s (0.265s)	Speed 197.5 samples/s	Data 0.000s (0.099s)	Loss 0.01589 (0.01409)
2023-11-23 12:15:18,006 Epoch: [11][30/200]	Time 0.149s (0.232s)	Speed 214.8 samples/s	Data 0.000s (0.067s)	Loss 0.01212 (0.01381)
2023-11-23 12:15:19,506 Epoch: [11][40/200]	Time 0.145s (0.212s)	Speed 220.7 samples/s	Data 0.000s (0.051s)	Loss 0.01622 (0.01406)
2023-11-23 12:15:21,091 Epoch: [11][50/200]	Time 0.171s (0.202s)	Speed 187.1 samples/s	Data 0.001s (0.041s)	Loss 0.01373 (0.01437)
2023-11-23 12:15:22,712 Epoch: [11][60/200]	Time 0.158s (0.195s)	Speed 202.5 samples/s	Data 0.001s (0.035s)	Loss 0.01574 (0.01445)
2023-11-23 12:15:24,312 Epoch: [11][70/200]	Time 0.168s (0.190s)	Speed 190.5 samples/s	Data 0.001s (0.030s)	Loss 0.01317 (0.01414)
2023-11-23 12:15:25,904 Epoch: [11][80/200]	Time 0.146s (0.186s)	Speed 219.1 samples/s	Data 0.000s (0.026s)	Loss 0.01266 (0.01396)
2023-11-23 12:15:27,438 Epoch: [11][90/200]	Time 0.153s (0.183s)	Speed 209.2 samples/s	Data 0.001s (0.023s)	Loss 0.01061 (0.01367)
2023-11-23 12:15:28,975 Epoch: [11][100/200]	Time 0.163s (0.180s)	Speed 196.3 samples/s	Data 0.000s (0.021s)	Loss 0.01307 (0.01350)
2023-11-23 12:15:30,571 Epoch: [11][110/200]	Time 0.164s (0.178s)	Speed 195.1 samples/s	Data 0.001s (0.019s)	Loss 0.01367 (0.01328)
2023-11-23 12:15:32,232 Epoch: [11][120/200]	Time 0.170s (0.177s)	Speed 188.2 samples/s	Data 0.001s (0.018s)	Loss 0.00975 (0.01320)
2023-11-23 12:15:33,794 Epoch: [11][130/200]	Time 0.160s (0.175s)	Speed 200.0 samples/s	Data 0.001s (0.016s)	Loss 0.01053 (0.01310)
2023-11-23 12:15:35,291 Epoch: [11][140/200]	Time 0.152s (0.174s)	Speed 210.5 samples/s	Data 0.000s (0.015s)	Loss 0.01456 (0.01315)
2023-11-23 12:15:36,879 Epoch: [11][150/200]	Time 0.168s (0.173s)	Speed 190.5 samples/s	Data 0.001s (0.014s)	Loss 0.01393 (0.01307)
2023-11-23 12:15:38,482 Epoch: [11][160/200]	Time 0.153s (0.172s)	Speed 209.1 samples/s	Data 0.000s (0.014s)	Loss 0.01270 (0.01302)
2023-11-23 12:15:40,076 Epoch: [11][170/200]	Time 0.157s (0.171s)	Speed 203.8 samples/s	Data 0.001s (0.013s)	Loss 0.01259 (0.01305)
2023-11-23 12:15:41,569 Epoch: [11][180/200]	Time 0.137s (0.170s)	Speed 233.6 samples/s	Data 0.000s (0.012s)	Loss 0.01076 (0.01305)
2023-11-23 12:15:43,106 Epoch: [11][190/200]	Time 0.148s (0.169s)	Speed 216.2 samples/s	Data 0.001s (0.012s)	Loss 0.01144 (0.01299)
2023-11-23 12:15:46,619 Test: [0/200]	Time 1.890 (1.890)	Loss 0.0519 (0.0519)
2023-11-23 12:15:46,763 Test: [10/200]	Time 0.015 (0.185)	Loss 0.0094 (0.0556)
2023-11-23 12:15:46,913 Test: [20/200]	Time 0.016 (0.104)	Loss 0.0233 (0.0584)
2023-11-23 12:15:47,053 Test: [30/200]	Time 0.014 (0.075)	Loss 0.0936 (0.0631)
2023-11-23 12:15:47,198 Test: [40/200]	Time 0.015 (0.060)	Loss 0.0449 (0.0639)
2023-11-23 12:15:47,342 Test: [50/200]	Time 0.015 (0.051)	Loss 0.1035 (0.0634)
2023-11-23 12:15:47,498 Test: [60/200]	Time 0.016 (0.045)	Loss 0.0865 (0.0666)
2023-11-23 12:15:47,641 Test: [70/200]	Time 0.014 (0.041)	Loss 0.0586 (0.0673)
2023-11-23 12:15:47,787 Test: [80/200]	Time 0.014 (0.038)	Loss 0.0861 (0.0655)
2023-11-23 12:15:47,922 Test: [90/200]	Time 0.013 (0.035)	Loss 0.0859 (0.0668)
2023-11-23 12:15:48,059 Test: [100/200]	Time 0.015 (0.033)	Loss 0.0871 (0.0663)
2023-11-23 12:15:48,203 Test: [110/200]	Time 0.016 (0.031)	Loss 0.1419 (0.0676)
2023-11-23 12:15:48,343 Test: [120/200]	Time 0.014 (0.030)	Loss 0.0921 (0.0668)
2023-11-23 12:15:48,477 Test: [130/200]	Time 0.012 (0.029)	Loss 0.0582 (0.0673)
2023-11-23 12:15:48,629 Test: [140/200]	Time 0.013 (0.028)	Loss 0.0848 (0.0670)
2023-11-23 12:15:48,772 Test: [150/200]	Time 0.012 (0.027)	Loss 0.0622 (0.0657)
2023-11-23 12:15:48,905 Test: [160/200]	Time 0.015 (0.026)	Loss 0.0890 (0.0656)
2023-11-23 12:15:49,036 Test: [170/200]	Time 0.014 (0.025)	Loss 0.0415 (0.0646)
2023-11-23 12:15:49,171 Test: [180/200]	Time 0.015 (0.025)	Loss 0.0505 (0.0640)
2023-11-23 12:15:49,317 Test: [190/200]	Time 0.015 (0.024)	Loss 0.0261 (0.0637)
2023-11-23 12:15:50,523 Mean IoU score: 0.848
2023-11-23 12:15:50,528 => saving checkpoint to out
2023-11-23 12:15:52,858 Epoch: [12][0/200]	Time 2.315s (2.315s)	Speed 13.8 samples/s	Data 2.095s (2.095s)	Loss 0.01238 (0.01238)
2023-11-23 12:15:54,359 Epoch: [12][10/200]	Time 0.147s (0.347s)	Speed 217.7 samples/s	Data 0.000s (0.191s)	Loss 0.01229 (0.01195)
2023-11-23 12:15:55,919 Epoch: [12][20/200]	Time 0.155s (0.256s)	Speed 206.5 samples/s	Data 0.001s (0.100s)	Loss 0.01328 (0.01100)
2023-11-23 12:15:57,458 Epoch: [12][30/200]	Time 0.173s (0.223s)	Speed 185.0 samples/s	Data 0.001s (0.068s)	Loss 0.01109 (0.01079)
2023-11-23 12:15:59,087 Epoch: [12][40/200]	Time 0.162s (0.208s)	Speed 197.5 samples/s	Data 0.001s (0.052s)	Loss 0.01025 (0.01075)
2023-11-23 12:16:00,688 Epoch: [12][50/200]	Time 0.171s (0.199s)	Speed 187.1 samples/s	Data 0.000s (0.042s)	Loss 0.00902 (0.01052)
2023-11-23 12:16:02,256 Epoch: [12][60/200]	Time 0.162s (0.192s)	Speed 197.5 samples/s	Data 0.001s (0.035s)	Loss 0.00755 (0.01042)
2023-11-23 12:16:03,815 Epoch: [12][70/200]	Time 0.150s (0.187s)	Speed 213.3 samples/s	Data 0.000s (0.030s)	Loss 0.01144 (0.01030)
2023-11-23 12:16:05,430 Epoch: [12][80/200]	Time 0.144s (0.184s)	Speed 222.2 samples/s	Data 0.000s (0.026s)	Loss 0.00999 (0.01030)
2023-11-23 12:16:07,008 Epoch: [12][90/200]	Time 0.163s (0.181s)	Speed 196.3 samples/s	Data 0.001s (0.024s)	Loss 0.00740 (0.01024)
2023-11-23 12:16:08,563 Epoch: [12][100/200]	Time 0.158s (0.178s)	Speed 202.5 samples/s	Data 0.001s (0.021s)	Loss 0.00927 (0.01014)
2023-11-23 12:16:10,122 Epoch: [12][110/200]	Time 0.149s (0.176s)	Speed 214.8 samples/s	Data 0.001s (0.020s)	Loss 0.00817 (0.01013)
2023-11-23 12:16:11,665 Epoch: [12][120/200]	Time 0.157s (0.175s)	Speed 203.8 samples/s	Data 0.001s (0.018s)	Loss 0.00882 (0.01008)
2023-11-23 12:16:13,286 Epoch: [12][130/200]	Time 0.167s (0.174s)	Speed 191.6 samples/s	Data 0.001s (0.017s)	Loss 0.00964 (0.01006)
2023-11-23 12:16:14,915 Epoch: [12][140/200]	Time 0.154s (0.173s)	Speed 207.8 samples/s	Data 0.000s (0.016s)	Loss 0.01061 (0.01007)
2023-11-23 12:16:16,455 Epoch: [12][150/200]	Time 0.139s (0.172s)	Speed 230.2 samples/s	Data 0.001s (0.015s)	Loss 0.00963 (0.01005)
2023-11-23 12:16:17,967 Epoch: [12][160/200]	Time 0.142s (0.170s)	Speed 225.4 samples/s	Data 0.001s (0.014s)	Loss 0.01120 (0.01000)
2023-11-23 12:16:19,539 Epoch: [12][170/200]	Time 0.172s (0.170s)	Speed 186.0 samples/s	Data 0.000s (0.013s)	Loss 0.00806 (0.00999)
2023-11-23 12:16:21,120 Epoch: [12][180/200]	Time 0.158s (0.169s)	Speed 202.5 samples/s	Data 0.001s (0.012s)	Loss 0.00825 (0.00994)
2023-11-23 12:16:22,696 Epoch: [12][190/200]	Time 0.156s (0.168s)	Speed 205.1 samples/s	Data 0.000s (0.012s)	Loss 0.00803 (0.00988)
2023-11-23 12:16:26,222 Test: [0/200]	Time 1.878 (1.878)	Loss 0.0538 (0.0538)
2023-11-23 12:16:26,361 Test: [10/200]	Time 0.014 (0.183)	Loss 0.0132 (0.0485)
2023-11-23 12:16:26,493 Test: [20/200]	Time 0.011 (0.102)	Loss 0.0240 (0.0506)
2023-11-23 12:16:26,628 Test: [30/200]	Time 0.013 (0.074)	Loss 0.0624 (0.0557)
2023-11-23 12:16:26,766 Test: [40/200]	Time 0.011 (0.059)	Loss 0.0440 (0.0572)
2023-11-23 12:16:26,904 Test: [50/200]	Time 0.014 (0.050)	Loss 0.0779 (0.0573)
2023-11-23 12:16:27,042 Test: [60/200]	Time 0.011 (0.044)	Loss 0.0590 (0.0593)
2023-11-23 12:16:27,190 Test: [70/200]	Time 0.014 (0.040)	Loss 0.0498 (0.0597)
2023-11-23 12:16:27,332 Test: [80/200]	Time 0.015 (0.037)	Loss 0.0743 (0.0582)
2023-11-23 12:16:27,463 Test: [90/200]	Time 0.012 (0.034)	Loss 0.0750 (0.0595)
2023-11-23 12:16:27,602 Test: [100/200]	Time 0.015 (0.032)	Loss 0.0862 (0.0589)
2023-11-23 12:16:27,747 Test: [110/200]	Time 0.015 (0.031)	Loss 0.1634 (0.0596)
2023-11-23 12:16:27,887 Test: [120/200]	Time 0.012 (0.029)	Loss 0.0651 (0.0583)
2023-11-23 12:16:28,033 Test: [130/200]	Time 0.014 (0.028)	Loss 0.0458 (0.0587)
2023-11-23 12:16:28,168 Test: [140/200]	Time 0.016 (0.027)	Loss 0.0580 (0.0582)
2023-11-23 12:16:28,319 Test: [150/200]	Time 0.015 (0.026)	Loss 0.0585 (0.0572)
2023-11-23 12:16:28,467 Test: [160/200]	Time 0.013 (0.026)	Loss 0.0752 (0.0573)
2023-11-23 12:16:28,610 Test: [170/200]	Time 0.015 (0.025)	Loss 0.0316 (0.0565)
2023-11-23 12:16:28,751 Test: [180/200]	Time 0.012 (0.024)	Loss 0.0455 (0.0563)
2023-11-23 12:16:28,900 Test: [190/200]	Time 0.013 (0.024)	Loss 0.0223 (0.0561)
2023-11-23 12:16:30,113 Mean IoU score: 0.865
2023-11-23 12:16:30,118 => saving checkpoint to out
2023-11-23 12:16:32,462 Epoch: [13][0/200]	Time 2.326s (2.326s)	Speed 13.8 samples/s	Data 2.069s (2.069s)	Loss 0.00694 (0.00694)
2023-11-23 12:16:34,177 Epoch: [13][10/200]	Time 0.172s (0.367s)	Speed 186.0 samples/s	Data 0.001s (0.189s)	Loss 0.00756 (0.00927)
2023-11-23 12:16:35,732 Epoch: [13][20/200]	Time 0.146s (0.266s)	Speed 219.2 samples/s	Data 0.001s (0.099s)	Loss 0.00682 (0.00874)
2023-11-23 12:16:37,299 Epoch: [13][30/200]	Time 0.165s (0.231s)	Speed 193.9 samples/s	Data 0.000s (0.068s)	Loss 0.00766 (0.00884)
2023-11-23 12:16:38,831 Epoch: [13][40/200]	Time 0.152s (0.212s)	Speed 210.5 samples/s	Data 0.001s (0.051s)	Loss 0.01049 (0.00888)
2023-11-23 12:16:40,483 Epoch: [13][50/200]	Time 0.172s (0.203s)	Speed 186.1 samples/s	Data 0.001s (0.041s)	Loss 0.00987 (0.00880)
2023-11-23 12:16:42,076 Epoch: [13][60/200]	Time 0.157s (0.196s)	Speed 203.8 samples/s	Data 0.000s (0.035s)	Loss 0.01110 (0.00882)
2023-11-23 12:16:43,628 Epoch: [13][70/200]	Time 0.163s (0.190s)	Speed 196.3 samples/s	Data 0.000s (0.030s)	Loss 0.01012 (0.00877)
2023-11-23 12:16:45,156 Epoch: [13][80/200]	Time 0.147s (0.185s)	Speed 217.7 samples/s	Data 0.000s (0.026s)	Loss 0.00967 (0.00882)
2023-11-23 12:16:46,718 Epoch: [13][90/200]	Time 0.160s (0.182s)	Speed 200.0 samples/s	Data 0.001s (0.024s)	Loss 0.01146 (0.00886)
2023-11-23 12:16:48,362 Epoch: [13][100/200]	Time 0.162s (0.180s)	Speed 197.5 samples/s	Data 0.001s (0.021s)	Loss 0.00640 (0.00887)
2023-11-23 12:16:49,944 Epoch: [13][110/200]	Time 0.153s (0.178s)	Speed 209.2 samples/s	Data 0.001s (0.019s)	Loss 0.00965 (0.00892)
2023-11-23 12:16:51,432 Epoch: [13][120/200]	Time 0.172s (0.176s)	Speed 186.0 samples/s	Data 0.001s (0.018s)	Loss 0.00858 (0.00889)
2023-11-23 12:16:52,973 Epoch: [13][130/200]	Time 0.157s (0.174s)	Speed 203.8 samples/s	Data 0.000s (0.017s)	Loss 0.01059 (0.00888)
2023-11-23 12:16:54,468 Epoch: [13][140/200]	Time 0.156s (0.173s)	Speed 205.1 samples/s	Data 0.001s (0.015s)	Loss 0.00929 (0.00887)
2023-11-23 12:16:56,068 Epoch: [13][150/200]	Time 0.149s (0.172s)	Speed 214.8 samples/s	Data 0.001s (0.014s)	Loss 0.00721 (0.00882)
2023-11-23 12:16:57,696 Epoch: [13][160/200]	Time 0.147s (0.171s)	Speed 217.7 samples/s	Data 0.001s (0.014s)	Loss 0.00889 (0.00881)
2023-11-23 12:16:59,274 Epoch: [13][170/200]	Time 0.147s (0.170s)	Speed 217.7 samples/s	Data 0.001s (0.013s)	Loss 0.01053 (0.00883)
2023-11-23 12:17:01,001 Epoch: [13][180/200]	Time 0.178s (0.171s)	Speed 179.8 samples/s	Data 0.001s (0.012s)	Loss 0.00887 (0.00880)
2023-11-23 12:17:02,670 Epoch: [13][190/200]	Time 0.157s (0.170s)	Speed 203.8 samples/s	Data 0.001s (0.012s)	Loss 0.00803 (0.00878)
2023-11-23 12:17:06,241 Test: [0/200]	Time 1.887 (1.887)	Loss 0.0539 (0.0539)
2023-11-23 12:17:06,386 Test: [10/200]	Time 0.015 (0.185)	Loss 0.0091 (0.0487)
2023-11-23 12:17:06,534 Test: [20/200]	Time 0.012 (0.104)	Loss 0.0236 (0.0495)
2023-11-23 12:17:06,676 Test: [30/200]	Time 0.015 (0.075)	Loss 0.0715 (0.0541)
2023-11-23 12:17:06,826 Test: [40/200]	Time 0.012 (0.060)	Loss 0.0375 (0.0555)
2023-11-23 12:17:06,966 Test: [50/200]	Time 0.012 (0.051)	Loss 0.0789 (0.0559)
2023-11-23 12:17:07,102 Test: [60/200]	Time 0.015 (0.045)	Loss 0.0687 (0.0586)
2023-11-23 12:17:07,247 Test: [70/200]	Time 0.015 (0.041)	Loss 0.0428 (0.0584)
2023-11-23 12:17:07,393 Test: [80/200]	Time 0.014 (0.038)	Loss 0.0670 (0.0570)
2023-11-23 12:17:07,545 Test: [90/200]	Time 0.015 (0.035)	Loss 0.0833 (0.0581)
2023-11-23 12:17:07,699 Test: [100/200]	Time 0.017 (0.033)	Loss 0.1000 (0.0577)
2023-11-23 12:17:07,854 Test: [110/200]	Time 0.015 (0.032)	Loss 0.1492 (0.0590)
2023-11-23 12:17:08,006 Test: [120/200]	Time 0.015 (0.030)	Loss 0.0700 (0.0577)
2023-11-23 12:17:08,154 Test: [130/200]	Time 0.015 (0.029)	Loss 0.0474 (0.0582)
2023-11-23 12:17:08,303 Test: [140/200]	Time 0.014 (0.028)	Loss 0.0664 (0.0580)
2023-11-23 12:17:08,455 Test: [150/200]	Time 0.015 (0.027)	Loss 0.0517 (0.0568)
2023-11-23 12:17:08,608 Test: [160/200]	Time 0.015 (0.026)	Loss 0.0759 (0.0568)
2023-11-23 12:17:08,759 Test: [170/200]	Time 0.014 (0.026)	Loss 0.0314 (0.0561)
2023-11-23 12:17:08,914 Test: [180/200]	Time 0.017 (0.025)	Loss 0.0461 (0.0557)
2023-11-23 12:17:09,064 Test: [190/200]	Time 0.015 (0.025)	Loss 0.0221 (0.0555)
2023-11-23 12:17:10,296 Mean IoU score: 0.867
2023-11-23 12:17:10,302 => saving checkpoint to out
2023-11-23 12:17:12,695 Epoch: [14][0/200]	Time 2.376s (2.376s)	Speed 13.5 samples/s	Data 2.089s (2.089s)	Loss 0.00665 (0.00665)
2023-11-23 12:17:14,340 Epoch: [14][10/200]	Time 0.175s (0.366s)	Speed 182.9 samples/s	Data 0.001s (0.191s)	Loss 0.00646 (0.00748)
2023-11-23 12:17:16,072 Epoch: [14][20/200]	Time 0.177s (0.274s)	Speed 180.8 samples/s	Data 0.000s (0.100s)	Loss 0.00809 (0.00770)
2023-11-23 12:17:17,705 Epoch: [14][30/200]	Time 0.167s (0.238s)	Speed 191.6 samples/s	Data 0.001s (0.068s)	Loss 0.00783 (0.00756)
2023-11-23 12:17:19,270 Epoch: [14][40/200]	Time 0.151s (0.218s)	Speed 211.9 samples/s	Data 0.001s (0.052s)	Loss 0.00682 (0.00775)
2023-11-23 12:17:20,843 Epoch: [14][50/200]	Time 0.148s (0.206s)	Speed 216.2 samples/s	Data 0.001s (0.042s)	Loss 0.00928 (0.00788)
2023-11-23 12:17:22,495 Epoch: [14][60/200]	Time 0.154s (0.200s)	Speed 207.8 samples/s	Data 0.000s (0.035s)	Loss 0.00687 (0.00781)
2023-11-23 12:17:24,131 Epoch: [14][70/200]	Time 0.160s (0.195s)	Speed 200.0 samples/s	Data 0.001s (0.030s)	Loss 0.00741 (0.00788)
2023-11-23 12:17:25,714 Epoch: [14][80/200]	Time 0.159s (0.190s)	Speed 201.3 samples/s	Data 0.001s (0.027s)	Loss 0.00941 (0.00786)
2023-11-23 12:17:27,299 Epoch: [14][90/200]	Time 0.152s (0.187s)	Speed 210.5 samples/s	Data 0.001s (0.024s)	Loss 0.00833 (0.00798)
2023-11-23 12:17:28,882 Epoch: [14][100/200]	Time 0.151s (0.184s)	Speed 211.9 samples/s	Data 0.001s (0.021s)	Loss 0.01056 (0.00801)
2023-11-23 12:17:30,504 Epoch: [14][110/200]	Time 0.168s (0.182s)	Speed 190.5 samples/s	Data 0.001s (0.020s)	Loss 0.00644 (0.00809)
2023-11-23 12:17:32,149 Epoch: [14][120/200]	Time 0.169s (0.180s)	Speed 189.3 samples/s	Data 0.000s (0.018s)	Loss 0.00814 (0.00809)
2023-11-23 12:17:33,722 Epoch: [14][130/200]	Time 0.154s (0.179s)	Speed 207.8 samples/s	Data 0.001s (0.017s)	Loss 0.00663 (0.00806)
2023-11-23 12:17:35,291 Epoch: [14][140/200]	Time 0.173s (0.177s)	Speed 185.0 samples/s	Data 0.001s (0.016s)	Loss 0.00619 (0.00808)
2023-11-23 12:17:36,856 Epoch: [14][150/200]	Time 0.148s (0.176s)	Speed 216.2 samples/s	Data 0.001s (0.015s)	Loss 0.00797 (0.00806)
2023-11-23 12:17:38,438 Epoch: [14][160/200]	Time 0.146s (0.175s)	Speed 219.2 samples/s	Data 0.000s (0.014s)	Loss 0.00732 (0.00808)
2023-11-23 12:17:40,044 Epoch: [14][170/200]	Time 0.146s (0.174s)	Speed 219.1 samples/s	Data 0.001s (0.013s)	Loss 0.00848 (0.00810)
2023-11-23 12:17:41,550 Epoch: [14][180/200]	Time 0.152s (0.173s)	Speed 210.5 samples/s	Data 0.001s (0.012s)	Loss 0.00864 (0.00807)
2023-11-23 12:17:43,106 Epoch: [14][190/200]	Time 0.161s (0.172s)	Speed 198.8 samples/s	Data 0.001s (0.012s)	Loss 0.00809 (0.00808)
2023-11-23 12:17:46,676 Test: [0/200]	Time 1.877 (1.877)	Loss 0.0572 (0.0572)
2023-11-23 12:17:46,822 Test: [10/200]	Time 0.015 (0.184)	Loss 0.0122 (0.0518)
2023-11-23 12:17:46,965 Test: [20/200]	Time 0.016 (0.103)	Loss 0.0216 (0.0521)
2023-11-23 12:17:47,112 Test: [30/200]	Time 0.016 (0.075)	Loss 0.0638 (0.0564)
2023-11-23 12:17:47,254 Test: [40/200]	Time 0.015 (0.060)	Loss 0.0417 (0.0574)
2023-11-23 12:17:47,404 Test: [50/200]	Time 0.013 (0.051)	Loss 0.0792 (0.0570)
2023-11-23 12:17:47,537 Test: [60/200]	Time 0.012 (0.045)	Loss 0.0762 (0.0592)
2023-11-23 12:17:47,682 Test: [70/200]	Time 0.016 (0.041)	Loss 0.0485 (0.0592)
2023-11-23 12:17:47,831 Test: [80/200]	Time 0.014 (0.037)	Loss 0.0703 (0.0577)
2023-11-23 12:17:47,978 Test: [90/200]	Time 0.015 (0.035)	Loss 0.0836 (0.0589)
2023-11-23 12:17:48,115 Test: [100/200]	Time 0.011 (0.033)	Loss 0.1026 (0.0584)
2023-11-23 12:17:48,258 Test: [110/200]	Time 0.014 (0.031)	Loss 0.1572 (0.0596)
2023-11-23 12:17:48,405 Test: [120/200]	Time 0.017 (0.030)	Loss 0.0630 (0.0583)
2023-11-23 12:17:48,553 Test: [130/200]	Time 0.015 (0.029)	Loss 0.0519 (0.0587)
2023-11-23 12:17:48,704 Test: [140/200]	Time 0.017 (0.028)	Loss 0.0646 (0.0585)
2023-11-23 12:17:48,843 Test: [150/200]	Time 0.011 (0.027)	Loss 0.0539 (0.0573)
2023-11-23 12:17:48,981 Test: [160/200]	Time 0.014 (0.026)	Loss 0.0732 (0.0574)
2023-11-23 12:17:49,118 Test: [170/200]	Time 0.014 (0.025)	Loss 0.0323 (0.0568)
2023-11-23 12:17:49,250 Test: [180/200]	Time 0.011 (0.025)	Loss 0.0428 (0.0564)
2023-11-23 12:17:49,383 Test: [190/200]	Time 0.013 (0.024)	Loss 0.0231 (0.0562)
2023-11-23 12:17:50,601 Mean IoU score: 0.868
2023-11-23 12:17:50,608 => saving checkpoint to out
2023-11-23 12:17:52,973 Epoch: [15][0/200]	Time 2.347s (2.347s)	Speed 13.6 samples/s	Data 2.072s (2.072s)	Loss 0.00637 (0.00637)
2023-11-23 12:17:54,525 Epoch: [15][10/200]	Time 0.145s (0.354s)	Speed 220.7 samples/s	Data 0.001s (0.189s)	Loss 0.00833 (0.00741)
2023-11-23 12:17:56,090 Epoch: [15][20/200]	Time 0.163s (0.260s)	Speed 196.3 samples/s	Data 0.001s (0.099s)	Loss 0.00707 (0.00728)
2023-11-23 12:17:57,775 Epoch: [15][30/200]	Time 0.170s (0.231s)	Speed 188.2 samples/s	Data 0.001s (0.067s)	Loss 0.00730 (0.00740)
2023-11-23 12:17:59,423 Epoch: [15][40/200]	Time 0.181s (0.215s)	Speed 176.8 samples/s	Data 0.001s (0.051s)	Loss 0.00908 (0.00733)
2023-11-23 12:18:01,036 Epoch: [15][50/200]	Time 0.169s (0.204s)	Speed 189.3 samples/s	Data 0.001s (0.041s)	Loss 0.00957 (0.00738)
2023-11-23 12:18:02,621 Epoch: [15][60/200]	Time 0.151s (0.197s)	Speed 211.9 samples/s	Data 0.001s (0.035s)	Loss 0.00720 (0.00752)
2023-11-23 12:18:04,439 Epoch: [15][70/200]	Time 0.163s (0.195s)	Speed 196.3 samples/s	Data 0.001s (0.030s)	Loss 0.00571 (0.00754)
2023-11-23 12:18:06,124 Epoch: [15][80/200]	Time 0.174s (0.191s)	Speed 183.9 samples/s	Data 0.001s (0.026s)	Loss 0.00738 (0.00751)
2023-11-23 12:18:07,692 Epoch: [15][90/200]	Time 0.153s (0.188s)	Speed 209.2 samples/s	Data 0.000s (0.023s)	Loss 0.00748 (0.00758)
2023-11-23 12:18:09,263 Epoch: [15][100/200]	Time 0.155s (0.185s)	Speed 206.4 samples/s	Data 0.000s (0.021s)	Loss 0.00993 (0.00766)
2023-11-23 12:18:10,802 Epoch: [15][110/200]	Time 0.161s (0.182s)	Speed 198.8 samples/s	Data 0.000s (0.019s)	Loss 0.00569 (0.00768)
2023-11-23 12:18:12,355 Epoch: [15][120/200]	Time 0.156s (0.180s)	Speed 205.1 samples/s	Data 0.001s (0.018s)	Loss 0.00873 (0.00770)
2023-11-23 12:18:14,004 Epoch: [15][130/200]	Time 0.170s (0.178s)	Speed 188.2 samples/s	Data 0.000s (0.016s)	Loss 0.00646 (0.00766)
2023-11-23 12:18:15,570 Epoch: [15][140/200]	Time 0.140s (0.177s)	Speed 228.6 samples/s	Data 0.000s (0.015s)	Loss 0.01191 (0.00768)
2023-11-23 12:18:17,127 Epoch: [15][150/200]	Time 0.167s (0.176s)	Speed 191.6 samples/s	Data 0.001s (0.014s)	Loss 0.00978 (0.00772)
2023-11-23 12:18:18,666 Epoch: [15][160/200]	Time 0.170s (0.174s)	Speed 188.2 samples/s	Data 0.001s (0.013s)	Loss 0.00820 (0.00773)
2023-11-23 12:18:20,290 Epoch: [15][170/200]	Time 0.172s (0.173s)	Speed 186.0 samples/s	Data 0.001s (0.013s)	Loss 0.00525 (0.00772)
2023-11-23 12:18:21,899 Epoch: [15][180/200]	Time 0.161s (0.173s)	Speed 198.8 samples/s	Data 0.000s (0.012s)	Loss 0.00623 (0.00769)
2023-11-23 12:18:23,449 Epoch: [15][190/200]	Time 0.154s (0.172s)	Speed 207.8 samples/s	Data 0.001s (0.011s)	Loss 0.00603 (0.00767)
2023-11-23 12:18:27,055 Test: [0/200]	Time 1.887 (1.887)	Loss 0.0506 (0.0506)
2023-11-23 12:18:27,200 Test: [10/200]	Time 0.015 (0.185)	Loss 0.0088 (0.0515)
2023-11-23 12:18:27,344 Test: [20/200]	Time 0.014 (0.104)	Loss 0.0206 (0.0515)
2023-11-23 12:18:27,490 Test: [30/200]	Time 0.015 (0.075)	Loss 0.0745 (0.0554)
2023-11-23 12:18:27,629 Test: [40/200]	Time 0.014 (0.060)	Loss 0.0406 (0.0569)
2023-11-23 12:18:27,777 Test: [50/200]	Time 0.015 (0.051)	Loss 0.0738 (0.0571)
2023-11-23 12:18:27,920 Test: [60/200]	Time 0.016 (0.045)	Loss 0.0721 (0.0599)
2023-11-23 12:18:28,075 Test: [70/200]	Time 0.015 (0.041)	Loss 0.0490 (0.0603)
2023-11-23 12:18:28,217 Test: [80/200]	Time 0.014 (0.038)	Loss 0.0712 (0.0587)
2023-11-23 12:18:28,362 Test: [90/200]	Time 0.014 (0.035)	Loss 0.0839 (0.0598)
2023-11-23 12:18:28,510 Test: [100/200]	Time 0.014 (0.033)	Loss 0.1102 (0.0595)
2023-11-23 12:18:28,658 Test: [110/200]	Time 0.015 (0.031)	Loss 0.1551 (0.0609)
2023-11-23 12:18:28,803 Test: [120/200]	Time 0.016 (0.030)	Loss 0.0694 (0.0595)
2023-11-23 12:18:28,949 Test: [130/200]	Time 0.015 (0.029)	Loss 0.0506 (0.0601)
2023-11-23 12:18:29,102 Test: [140/200]	Time 0.012 (0.028)	Loss 0.0655 (0.0598)
2023-11-23 12:18:29,241 Test: [150/200]	Time 0.012 (0.027)	Loss 0.0497 (0.0585)
2023-11-23 12:18:29,387 Test: [160/200]	Time 0.014 (0.026)	Loss 0.0735 (0.0585)
2023-11-23 12:18:29,535 Test: [170/200]	Time 0.014 (0.026)	Loss 0.0346 (0.0579)
2023-11-23 12:18:29,682 Test: [180/200]	Time 0.016 (0.025)	Loss 0.0422 (0.0575)
2023-11-23 12:18:29,833 Test: [190/200]	Time 0.016 (0.024)	Loss 0.0207 (0.0573)
2023-11-23 12:18:31,056 Mean IoU score: 0.866
2023-11-23 12:18:31,062 => saving checkpoint to out
2023-11-23 12:18:33,381 Epoch: [16][0/200]	Time 2.306s (2.306s)	Speed 13.9 samples/s	Data 2.083s (2.083s)	Loss 0.00577 (0.00577)
2023-11-23 12:18:35,078 Epoch: [16][10/200]	Time 0.155s (0.364s)	Speed 206.4 samples/s	Data 0.001s (0.190s)	Loss 0.00698 (0.00701)
2023-11-23 12:18:36,593 Epoch: [16][20/200]	Time 0.147s (0.263s)	Speed 217.7 samples/s	Data 0.001s (0.100s)	Loss 0.00749 (0.00744)
2023-11-23 12:18:38,144 Epoch: [16][30/200]	Time 0.153s (0.228s)	Speed 209.1 samples/s	Data 0.001s (0.068s)	Loss 0.00723 (0.00735)
2023-11-23 12:18:39,701 Epoch: [16][40/200]	Time 0.175s (0.210s)	Speed 182.9 samples/s	Data 0.000s (0.052s)	Loss 0.00751 (0.00726)
2023-11-23 12:18:41,369 Epoch: [16][50/200]	Time 0.174s (0.202s)	Speed 183.9 samples/s	Data 0.001s (0.042s)	Loss 0.00817 (0.00718)
2023-11-23 12:18:42,976 Epoch: [16][60/200]	Time 0.145s (0.195s)	Speed 220.7 samples/s	Data 0.000s (0.035s)	Loss 0.00832 (0.00720)
2023-11-23 12:18:44,568 Epoch: [16][70/200]	Time 0.163s (0.190s)	Speed 196.3 samples/s	Data 0.001s (0.030s)	Loss 0.00723 (0.00722)
2023-11-23 12:18:46,108 Epoch: [16][80/200]	Time 0.149s (0.186s)	Speed 214.8 samples/s	Data 0.001s (0.026s)	Loss 0.00504 (0.00715)
2023-11-23 12:18:47,709 Epoch: [16][90/200]	Time 0.155s (0.183s)	Speed 206.5 samples/s	Data 0.001s (0.024s)	Loss 0.00775 (0.00725)
2023-11-23 12:18:49,322 Epoch: [16][100/200]	Time 0.146s (0.181s)	Speed 219.2 samples/s	Data 0.001s (0.021s)	Loss 0.00901 (0.00727)
2023-11-23 12:18:50,870 Epoch: [16][110/200]	Time 0.163s (0.178s)	Speed 196.3 samples/s	Data 0.001s (0.019s)	Loss 0.00673 (0.00724)
2023-11-23 12:18:52,380 Epoch: [16][120/200]	Time 0.155s (0.176s)	Speed 206.5 samples/s	Data 0.000s (0.018s)	Loss 0.00905 (0.00726)
2023-11-23 12:18:54,010 Epoch: [16][130/200]	Time 0.181s (0.175s)	Speed 176.8 samples/s	Data 0.000s (0.017s)	Loss 0.00643 (0.00720)
2023-11-23 12:18:55,630 Epoch: [16][140/200]	Time 0.164s (0.174s)	Speed 195.1 samples/s	Data 0.000s (0.015s)	Loss 0.00736 (0.00718)
2023-11-23 12:18:57,401 Epoch: [16][150/200]	Time 0.182s (0.174s)	Speed 175.8 samples/s	Data 0.000s (0.015s)	Loss 0.00732 (0.00717)
2023-11-23 12:18:59,177 Epoch: [16][160/200]	Time 0.148s (0.175s)	Speed 216.2 samples/s	Data 0.000s (0.014s)	Loss 0.00657 (0.00716)
2023-11-23 12:19:00,726 Epoch: [16][170/200]	Time 0.155s (0.173s)	Speed 206.5 samples/s	Data 0.001s (0.013s)	Loss 0.00869 (0.00718)
2023-11-23 12:19:02,361 Epoch: [16][180/200]	Time 0.159s (0.173s)	Speed 201.3 samples/s	Data 0.001s (0.012s)	Loss 0.00623 (0.00714)
2023-11-23 12:19:03,996 Epoch: [16][190/200]	Time 0.158s (0.172s)	Speed 202.5 samples/s	Data 0.001s (0.012s)	Loss 0.00748 (0.00716)
2023-11-23 12:19:07,544 Test: [0/200]	Time 1.875 (1.875)	Loss 0.0563 (0.0563)
2023-11-23 12:19:07,699 Test: [10/200]	Time 0.013 (0.184)	Loss 0.0085 (0.0559)
2023-11-23 12:19:07,838 Test: [20/200]	Time 0.014 (0.103)	Loss 0.0208 (0.0556)
2023-11-23 12:19:07,981 Test: [30/200]	Time 0.013 (0.075)	Loss 0.0655 (0.0585)
2023-11-23 12:19:08,121 Test: [40/200]	Time 0.015 (0.060)	Loss 0.0516 (0.0596)
2023-11-23 12:19:08,256 Test: [50/200]	Time 0.014 (0.051)	Loss 0.0911 (0.0594)
2023-11-23 12:19:08,400 Test: [60/200]	Time 0.013 (0.045)	Loss 0.0743 (0.0618)
2023-11-23 12:19:08,538 Test: [70/200]	Time 0.015 (0.040)	Loss 0.0496 (0.0618)
2023-11-23 12:19:08,687 Test: [80/200]	Time 0.017 (0.037)	Loss 0.0681 (0.0598)
2023-11-23 12:19:08,836 Test: [90/200]	Time 0.016 (0.035)	Loss 0.0742 (0.0607)
2023-11-23 12:19:08,974 Test: [100/200]	Time 0.013 (0.033)	Loss 0.0986 (0.0602)
2023-11-23 12:19:09,105 Test: [110/200]	Time 0.015 (0.031)	Loss 0.1773 (0.0617)
2023-11-23 12:19:09,245 Test: [120/200]	Time 0.016 (0.030)	Loss 0.0641 (0.0602)
2023-11-23 12:19:09,379 Test: [130/200]	Time 0.012 (0.028)	Loss 0.0571 (0.0607)
2023-11-23 12:19:09,516 Test: [140/200]	Time 0.012 (0.027)	Loss 0.0669 (0.0605)
2023-11-23 12:19:09,658 Test: [150/200]	Time 0.012 (0.026)	Loss 0.0601 (0.0593)
2023-11-23 12:19:09,815 Test: [160/200]	Time 0.017 (0.026)	Loss 0.0701 (0.0594)
2023-11-23 12:19:09,954 Test: [170/200]	Time 0.015 (0.025)	Loss 0.0396 (0.0587)
2023-11-23 12:19:10,093 Test: [180/200]	Time 0.014 (0.024)	Loss 0.0459 (0.0584)
2023-11-23 12:19:10,235 Test: [190/200]	Time 0.014 (0.024)	Loss 0.0208 (0.0581)
2023-11-23 12:19:11,477 Mean IoU score: 0.866
2023-11-23 12:19:11,482 => saving checkpoint to out
2023-11-23 12:19:13,849 Epoch: [17][0/200]	Time 2.353s (2.353s)	Speed 13.6 samples/s	Data 2.072s (2.072s)	Loss 0.00718 (0.00718)
2023-11-23 12:19:15,550 Epoch: [17][10/200]	Time 0.168s (0.369s)	Speed 190.5 samples/s	Data 0.001s (0.189s)	Loss 0.00721 (0.00637)
2023-11-23 12:19:17,139 Epoch: [17][20/200]	Time 0.156s (0.269s)	Speed 205.1 samples/s	Data 0.000s (0.099s)	Loss 0.00702 (0.00662)
2023-11-23 12:19:18,698 Epoch: [17][30/200]	Time 0.142s (0.232s)	Speed 225.4 samples/s	Data 0.001s (0.068s)	Loss 0.00686 (0.00663)
2023-11-23 12:19:20,233 Epoch: [17][40/200]	Time 0.148s (0.213s)	Speed 216.2 samples/s	Data 0.001s (0.051s)	Loss 0.00736 (0.00678)
2023-11-23 12:19:21,887 Epoch: [17][50/200]	Time 0.176s (0.204s)	Speed 181.8 samples/s	Data 0.000s (0.041s)	Loss 0.00754 (0.00685)
2023-11-23 12:19:23,495 Epoch: [17][60/200]	Time 0.148s (0.197s)	Speed 216.2 samples/s	Data 0.000s (0.035s)	Loss 0.00820 (0.00684)
2023-11-23 12:19:25,054 Epoch: [17][70/200]	Time 0.150s (0.191s)	Speed 213.3 samples/s	Data 0.000s (0.030s)	Loss 0.00606 (0.00683)
2023-11-23 12:19:26,669 Epoch: [17][80/200]	Time 0.183s (0.187s)	Speed 174.9 samples/s	Data 0.001s (0.026s)	Loss 0.00866 (0.00684)
2023-11-23 12:19:28,216 Epoch: [17][90/200]	Time 0.151s (0.184s)	Speed 211.9 samples/s	Data 0.000s (0.023s)	Loss 0.00709 (0.00686)
2023-11-23 12:19:29,832 Epoch: [17][100/200]	Time 0.165s (0.182s)	Speed 193.9 samples/s	Data 0.001s (0.021s)	Loss 0.00619 (0.00681)
2023-11-23 12:19:31,475 Epoch: [17][110/200]	Time 0.161s (0.180s)	Speed 198.8 samples/s	Data 0.000s (0.019s)	Loss 0.00457 (0.00687)
2023-11-23 12:19:33,162 Epoch: [17][120/200]	Time 0.152s (0.179s)	Speed 210.5 samples/s	Data 0.000s (0.018s)	Loss 0.00677 (0.00687)
2023-11-23 12:19:34,795 Epoch: [17][130/200]	Time 0.156s (0.178s)	Speed 205.1 samples/s	Data 0.001s (0.017s)	Loss 0.00774 (0.00690)
2023-11-23 12:19:36,480 Epoch: [17][140/200]	Time 0.162s (0.177s)	Speed 197.3 samples/s	Data 0.001s (0.015s)	Loss 0.00569 (0.00687)
2023-11-23 12:19:38,147 Epoch: [17][150/200]	Time 0.169s (0.176s)	Speed 189.3 samples/s	Data 0.001s (0.014s)	Loss 0.00477 (0.00686)
2023-11-23 12:19:39,813 Epoch: [17][160/200]	Time 0.160s (0.176s)	Speed 200.0 samples/s	Data 0.001s (0.014s)	Loss 0.00693 (0.00685)
2023-11-23 12:19:41,414 Epoch: [17][170/200]	Time 0.162s (0.175s)	Speed 197.5 samples/s	Data 0.001s (0.013s)	Loss 0.00733 (0.00689)
2023-11-23 12:19:43,203 Epoch: [17][180/200]	Time 0.183s (0.175s)	Speed 174.9 samples/s	Data 0.001s (0.012s)	Loss 0.00653 (0.00689)
2023-11-23 12:19:45,025 Epoch: [17][190/200]	Time 0.179s (0.176s)	Speed 178.8 samples/s	Data 0.000s (0.012s)	Loss 0.00664 (0.00689)
2023-11-23 12:19:48,665 Test: [0/200]	Time 1.884 (1.884)	Loss 0.0557 (0.0557)
2023-11-23 12:19:48,816 Test: [10/200]	Time 0.015 (0.185)	Loss 0.0066 (0.0592)
2023-11-23 12:19:48,959 Test: [20/200]	Time 0.015 (0.104)	Loss 0.0286 (0.0590)
2023-11-23 12:19:49,092 Test: [30/200]	Time 0.012 (0.075)	Loss 0.0616 (0.0631)
2023-11-23 12:19:49,236 Test: [40/200]	Time 0.012 (0.060)	Loss 0.0594 (0.0636)
2023-11-23 12:19:49,382 Test: [50/200]	Time 0.017 (0.051)	Loss 0.1066 (0.0634)
2023-11-23 12:19:49,528 Test: [60/200]	Time 0.014 (0.045)	Loss 0.0847 (0.0656)
2023-11-23 12:19:49,658 Test: [70/200]	Time 0.011 (0.040)	Loss 0.0539 (0.0652)
2023-11-23 12:19:49,804 Test: [80/200]	Time 0.012 (0.037)	Loss 0.0595 (0.0636)
2023-11-23 12:19:49,945 Test: [90/200]	Time 0.014 (0.035)	Loss 0.0950 (0.0644)
2023-11-23 12:19:50,083 Test: [100/200]	Time 0.016 (0.033)	Loss 0.1234 (0.0638)
2023-11-23 12:19:50,224 Test: [110/200]	Time 0.015 (0.031)	Loss 0.1587 (0.0650)
2023-11-23 12:19:50,366 Test: [120/200]	Time 0.016 (0.030)	Loss 0.0760 (0.0636)
2023-11-23 12:19:50,512 Test: [130/200]	Time 0.015 (0.028)	Loss 0.0678 (0.0640)
2023-11-23 12:19:50,649 Test: [140/200]	Time 0.015 (0.027)	Loss 0.0720 (0.0641)
2023-11-23 12:19:50,800 Test: [150/200]	Time 0.015 (0.027)	Loss 0.0535 (0.0628)
2023-11-23 12:19:50,945 Test: [160/200]	Time 0.015 (0.026)	Loss 0.0632 (0.0625)
2023-11-23 12:19:51,081 Test: [170/200]	Time 0.015 (0.025)	Loss 0.0346 (0.0616)
2023-11-23 12:19:51,229 Test: [180/200]	Time 0.015 (0.025)	Loss 0.0472 (0.0613)
2023-11-23 12:19:51,377 Test: [190/200]	Time 0.015 (0.024)	Loss 0.0210 (0.0611)
2023-11-23 12:19:52,600 Mean IoU score: 0.863
2023-11-23 12:19:52,606 => saving checkpoint to out
2023-11-23 12:19:54,943 Epoch: [18][0/200]	Time 2.324s (2.324s)	Speed 13.8 samples/s	Data 2.075s (2.075s)	Loss 0.00789 (0.00789)
2023-11-23 12:19:56,590 Epoch: [18][10/200]	Time 0.153s (0.361s)	Speed 209.1 samples/s	Data 0.001s (0.189s)	Loss 0.00616 (0.00700)
2023-11-23 12:19:58,192 Epoch: [18][20/200]	Time 0.168s (0.265s)	Speed 190.5 samples/s	Data 0.000s (0.099s)	Loss 0.00824 (0.00692)
2023-11-23 12:19:59,771 Epoch: [18][30/200]	Time 0.152s (0.231s)	Speed 210.5 samples/s	Data 0.000s (0.067s)	Loss 0.00629 (0.00672)
2023-11-23 12:20:01,352 Epoch: [18][40/200]	Time 0.158s (0.213s)	Speed 202.5 samples/s	Data 0.001s (0.051s)	Loss 0.00858 (0.00669)
2023-11-23 12:20:02,866 Epoch: [18][50/200]	Time 0.152s (0.201s)	Speed 210.5 samples/s	Data 0.000s (0.041s)	Loss 0.00621 (0.00662)
2023-11-23 12:20:04,505 Epoch: [18][60/200]	Time 0.153s (0.195s)	Speed 209.1 samples/s	Data 0.001s (0.035s)	Loss 0.00480 (0.00663)
2023-11-23 12:20:06,186 Epoch: [18][70/200]	Time 0.173s (0.191s)	Speed 185.0 samples/s	Data 0.001s (0.030s)	Loss 0.00703 (0.00662)
2023-11-23 12:20:07,690 Epoch: [18][80/200]	Time 0.160s (0.186s)	Speed 200.0 samples/s	Data 0.001s (0.026s)	Loss 0.00666 (0.00659)
2023-11-23 12:20:09,243 Epoch: [18][90/200]	Time 0.162s (0.183s)	Speed 197.5 samples/s	Data 0.001s (0.023s)	Loss 0.00562 (0.00667)
2023-11-23 12:20:10,736 Epoch: [18][100/200]	Time 0.142s (0.179s)	Speed 225.4 samples/s	Data 0.000s (0.021s)	Loss 0.00820 (0.00666)
2023-11-23 12:20:12,367 Epoch: [18][110/200]	Time 0.165s (0.178s)	Speed 193.9 samples/s	Data 0.001s (0.019s)	Loss 0.00837 (0.00669)
2023-11-23 12:20:13,988 Epoch: [18][120/200]	Time 0.166s (0.177s)	Speed 192.8 samples/s	Data 0.001s (0.018s)	Loss 0.00678 (0.00670)
2023-11-23 12:20:15,585 Epoch: [18][130/200]	Time 0.163s (0.175s)	Speed 196.3 samples/s	Data 0.001s (0.016s)	Loss 0.00864 (0.00671)
2023-11-23 12:20:17,122 Epoch: [18][140/200]	Time 0.149s (0.174s)	Speed 214.8 samples/s	Data 0.000s (0.015s)	Loss 0.00569 (0.00674)
2023-11-23 12:20:18,751 Epoch: [18][150/200]	Time 0.168s (0.173s)	Speed 190.5 samples/s	Data 0.001s (0.014s)	Loss 0.00677 (0.00673)
2023-11-23 12:20:20,392 Epoch: [18][160/200]	Time 0.176s (0.173s)	Speed 181.8 samples/s	Data 0.000s (0.014s)	Loss 0.00553 (0.00675)
2023-11-23 12:20:22,028 Epoch: [18][170/200]	Time 0.156s (0.172s)	Speed 205.1 samples/s	Data 0.000s (0.013s)	Loss 0.00765 (0.00674)
2023-11-23 12:20:23,549 Epoch: [18][180/200]	Time 0.146s (0.171s)	Speed 219.2 samples/s	Data 0.000s (0.012s)	Loss 0.00784 (0.00673)
2023-11-23 12:20:25,159 Epoch: [18][190/200]	Time 0.150s (0.170s)	Speed 213.3 samples/s	Data 0.001s (0.012s)	Loss 0.00687 (0.00672)
2023-11-23 12:20:28,878 Test: [0/200]	Time 1.882 (1.882)	Loss 0.0757 (0.0757)
2023-11-23 12:20:29,029 Test: [10/200]	Time 0.016 (0.185)	Loss 0.0075 (0.0565)
2023-11-23 12:20:29,176 Test: [20/200]	Time 0.015 (0.104)	Loss 0.0218 (0.0565)
2023-11-23 12:20:29,324 Test: [30/200]	Time 0.015 (0.075)	Loss 0.0638 (0.0599)
2023-11-23 12:20:29,464 Test: [40/200]	Time 0.013 (0.060)	Loss 0.0560 (0.0612)
2023-11-23 12:20:29,605 Test: [50/200]	Time 0.013 (0.051)	Loss 0.0989 (0.0610)
2023-11-23 12:20:29,751 Test: [60/200]	Time 0.015 (0.045)	Loss 0.0690 (0.0626)
2023-11-23 12:20:29,896 Test: [70/200]	Time 0.015 (0.041)	Loss 0.0634 (0.0626)
2023-11-23 12:20:30,040 Test: [80/200]	Time 0.014 (0.038)	Loss 0.0740 (0.0612)
2023-11-23 12:20:30,193 Test: [90/200]	Time 0.014 (0.035)	Loss 0.0805 (0.0624)
2023-11-23 12:20:30,333 Test: [100/200]	Time 0.016 (0.033)	Loss 0.1133 (0.0616)
2023-11-23 12:20:30,476 Test: [110/200]	Time 0.014 (0.031)	Loss 0.1845 (0.0626)
2023-11-23 12:20:30,611 Test: [120/200]	Time 0.014 (0.030)	Loss 0.0728 (0.0612)
2023-11-23 12:20:30,763 Test: [130/200]	Time 0.015 (0.029)	Loss 0.0652 (0.0619)
2023-11-23 12:20:30,908 Test: [140/200]	Time 0.014 (0.028)	Loss 0.0565 (0.0614)
2023-11-23 12:20:31,054 Test: [150/200]	Time 0.014 (0.027)	Loss 0.0565 (0.0601)
2023-11-23 12:20:31,191 Test: [160/200]	Time 0.013 (0.026)	Loss 0.0706 (0.0601)
2023-11-23 12:20:31,339 Test: [170/200]	Time 0.015 (0.025)	Loss 0.0371 (0.0595)
2023-11-23 12:20:31,473 Test: [180/200]	Time 0.013 (0.025)	Loss 0.0504 (0.0592)
2023-11-23 12:20:31,612 Test: [190/200]	Time 0.014 (0.024)	Loss 0.0232 (0.0590)
2023-11-23 12:20:32,815 Mean IoU score: 0.863
2023-11-23 12:20:32,821 => saving checkpoint to out
2023-11-23 12:20:35,161 Epoch: [19][0/200]	Time 2.327s (2.327s)	Speed 13.8 samples/s	Data 2.075s (2.075s)	Loss 0.00713 (0.00713)
2023-11-23 12:20:36,751 Epoch: [19][10/200]	Time 0.175s (0.356s)	Speed 182.9 samples/s	Data 0.000s (0.189s)	Loss 0.00715 (0.00625)
2023-11-23 12:20:38,315 Epoch: [19][20/200]	Time 0.166s (0.261s)	Speed 192.8 samples/s	Data 0.001s (0.100s)	Loss 0.00563 (0.00600)
2023-11-23 12:20:39,961 Epoch: [19][30/200]	Time 0.170s (0.230s)	Speed 188.3 samples/s	Data 0.001s (0.068s)	Loss 0.00722 (0.00603)
2023-11-23 12:20:41,584 Epoch: [19][40/200]	Time 0.153s (0.213s)	Speed 209.2 samples/s	Data 0.000s (0.051s)	Loss 0.00559 (0.00603)
2023-11-23 12:20:43,075 Epoch: [19][50/200]	Time 0.140s (0.201s)	Speed 228.6 samples/s	Data 0.000s (0.041s)	Loss 0.00660 (0.00607)
2023-11-23 12:20:44,609 Epoch: [19][60/200]	Time 0.154s (0.193s)	Speed 207.8 samples/s	Data 0.001s (0.035s)	Loss 0.00610 (0.00605)
2023-11-23 12:20:46,157 Epoch: [19][70/200]	Time 0.156s (0.188s)	Speed 205.1 samples/s	Data 0.000s (0.030s)	Loss 0.00566 (0.00603)
2023-11-23 12:20:47,797 Epoch: [19][80/200]	Time 0.176s (0.185s)	Speed 181.8 samples/s	Data 0.001s (0.026s)	Loss 0.00627 (0.00607)
2023-11-23 12:20:49,455 Epoch: [19][90/200]	Time 0.161s (0.183s)	Speed 198.8 samples/s	Data 0.001s (0.023s)	Loss 0.00647 (0.00614)
2023-11-23 12:20:50,952 Epoch: [19][100/200]	Time 0.142s (0.179s)	Speed 225.3 samples/s	Data 0.000s (0.021s)	Loss 0.00845 (0.00622)
2023-11-23 12:20:52,504 Epoch: [19][110/200]	Time 0.157s (0.177s)	Speed 203.8 samples/s	Data 0.001s (0.019s)	Loss 0.00617 (0.00624)
2023-11-23 12:20:54,079 Epoch: [19][120/200]	Time 0.145s (0.176s)	Speed 220.7 samples/s	Data 0.001s (0.018s)	Loss 0.00650 (0.00624)
2023-11-23 12:20:55,673 Epoch: [19][130/200]	Time 0.171s (0.174s)	Speed 187.1 samples/s	Data 0.000s (0.016s)	Loss 0.00631 (0.00627)
2023-11-23 12:20:57,257 Epoch: [19][140/200]	Time 0.160s (0.173s)	Speed 200.0 samples/s	Data 0.001s (0.015s)	Loss 0.00520 (0.00634)
2023-11-23 12:20:58,790 Epoch: [19][150/200]	Time 0.166s (0.172s)	Speed 192.8 samples/s	Data 0.001s (0.014s)	Loss 0.00653 (0.00635)
2023-11-23 12:21:00,312 Epoch: [19][160/200]	Time 0.154s (0.171s)	Speed 207.8 samples/s	Data 0.001s (0.014s)	Loss 0.00793 (0.00638)
2023-11-23 12:21:01,984 Epoch: [19][170/200]	Time 0.168s (0.170s)	Speed 190.5 samples/s	Data 0.001s (0.013s)	Loss 0.00558 (0.00638)
2023-11-23 12:21:03,587 Epoch: [19][180/200]	Time 0.159s (0.170s)	Speed 201.3 samples/s	Data 0.000s (0.012s)	Loss 0.00711 (0.00640)
2023-11-23 12:21:05,156 Epoch: [19][190/200]	Time 0.166s (0.169s)	Speed 192.8 samples/s	Data 0.001s (0.011s)	Loss 0.00724 (0.00643)
2023-11-23 12:21:08,703 Test: [0/200]	Time 1.886 (1.886)	Loss 0.0550 (0.0550)
2023-11-23 12:21:08,848 Test: [10/200]	Time 0.015 (0.185)	Loss 0.0121 (0.0576)
2023-11-23 12:21:08,992 Test: [20/200]	Time 0.015 (0.104)	Loss 0.0233 (0.0567)
2023-11-23 12:21:09,135 Test: [30/200]	Time 0.014 (0.075)	Loss 0.0707 (0.0604)
2023-11-23 12:21:09,277 Test: [40/200]	Time 0.014 (0.060)	Loss 0.0540 (0.0611)
2023-11-23 12:21:09,417 Test: [50/200]	Time 0.015 (0.051)	Loss 0.0896 (0.0606)
2023-11-23 12:21:09,559 Test: [60/200]	Time 0.014 (0.045)	Loss 0.0657 (0.0629)
2023-11-23 12:21:09,704 Test: [70/200]	Time 0.017 (0.041)	Loss 0.0678 (0.0634)
2023-11-23 12:21:09,845 Test: [80/200]	Time 0.015 (0.037)	Loss 0.0780 (0.0617)
2023-11-23 12:21:09,993 Test: [90/200]	Time 0.016 (0.035)	Loss 0.0766 (0.0626)
2023-11-23 12:21:10,140 Test: [100/200]	Time 0.015 (0.033)	Loss 0.0925 (0.0619)
2023-11-23 12:21:10,282 Test: [110/200]	Time 0.015 (0.031)	Loss 0.1931 (0.0636)
2023-11-23 12:21:10,432 Test: [120/200]	Time 0.012 (0.030)	Loss 0.0673 (0.0622)
2023-11-23 12:21:10,578 Test: [130/200]	Time 0.015 (0.029)	Loss 0.0544 (0.0626)
2023-11-23 12:21:10,728 Test: [140/200]	Time 0.015 (0.028)	Loss 0.0653 (0.0621)
2023-11-23 12:21:10,882 Test: [150/200]	Time 0.015 (0.027)	Loss 0.0629 (0.0610)
2023-11-23 12:21:11,021 Test: [160/200]	Time 0.014 (0.026)	Loss 0.0801 (0.0610)
2023-11-23 12:21:11,165 Test: [170/200]	Time 0.014 (0.025)	Loss 0.0292 (0.0602)
2023-11-23 12:21:11,304 Test: [180/200]	Time 0.014 (0.025)	Loss 0.0490 (0.0597)
2023-11-23 12:21:11,448 Test: [190/200]	Time 0.014 (0.024)	Loss 0.0213 (0.0595)
2023-11-23 12:21:12,666 Mean IoU score: 0.864
2023-11-23 12:21:12,672 => saving checkpoint to out
2023-11-23 12:21:12,685 saving final model state to out\final_state.pth.tar
